DISPLAY origin=(0,0) px=1512x982 physical_mm=301.2x195.6
place device flat on desk, press EnterOpening /dev/cu.usbmodem101 at 921600 baud
GYRO BIAS dps=[7.46709, 3.9045, 0.25038] std_dps=[0.50967, 0.43893, 0.49747]
CALIBRATION position_mm=[41.1, 61.9, -495.3] quaternion_wxyz=[0.68519, -0.12651, 0.03027, -0.71665]
Opening /dev/cu.usbmodem101 at 921600 baud
TRACK MOVING  rate=  1 Hz  drift=  +0.00 deg/min  peak=    7.2/2048 dps  cursor=no intersection  ray_az/el=+102.5/-3.4deg hit_mm=none
TRACK MOVING  rate=111 Hz  drift=  +0.00 deg/min  peak=   16.6/2048 dps  cursor=no intersection  ray_az/el=+101.2/-3.1deg hit_mm=none
TRACK MOVING  rate=219 Hz  drift=  +0.00 deg/min  peak=   18.8/2048 dps  cursor=no intersection  ray_az/el=+100.9/-3.3deg hit_mm=none
TRACK MOVING  rate=219 Hz  drift=  +0.00 deg/min  peak=   19.2/2048 dps  cursor=no intersection  ray_az/el=+100.8/-3.3deg hit_mm=none
TRACK MOVING  rate=219 Hz  drift=  +0.00 deg/min  peak=   19.2/2048 dps  cursor=no intersection  ray_az/el=+100.7/-3.2deg hit_mm=none
TRACK MOVING  rate=219 Hz  drift=  +0.00 deg/min  peak=   19.9/2048 dps  cursor=no intersection  ray_az/el=+101.0/-2.8deg hit_mm=none
TRACK MOVING  rate=219 Hz  drift=  +0.00 deg/min  peak=   19.9/2048 dps  cursor=no intersection  ray_az/el=+101.7/-2.4deg hit_mm=none
TRACK MOVING  rate=219 Hz  drift=  +0.00 deg/min  peak=   19.9/2048 dps  cursor=no intersection  ray_az/el=+102.5/-2.8deg hit_mm=none
TRACK MOVING  rate=219 Hz  drift=  +0.00 deg/min  peak=   19.9/2048 dps  cursor=no intersection  ray_az/el=+102.1/-2.1deg hit_mm=none
TRACK MOVING  rate=219 Hz  drift=  +0.00 deg/min  peak=   20.3/2048 dps  cursor=no intersection  ray_az/el=+102.0/-1.8deg hit_mm=none
TRACK MOVING  rate=219 Hz  drift=  +0.00 deg/min  peak=   20.3/2048 dps  cursor=no intersection  ray_az/el=+102.4/-1.6deg hit_mm=none
TRACK MOVING  rate=219 Hz  drift=  +0.00 deg/min  peak=   20.3/2048 dps  cursor=no intersection  ray_az/el=+102.8/-1.2deg hit_mm=none
TRACK MOVING  rate=219 Hz  drift=  +0.00 deg/min  peak=   20.3/2048 dps  cursor=no intersection  ray_az/el=+103.4/-1.3deg hit_mm=none
TRACK MOVING  rate=219 Hz  drift=  +0.00 deg/min  peak=   21.4/2048 dps  cursor=no intersection  ray_az/el=+103.4/-0.7deg hit_mm=none
TRACK MOVING  rate=219 Hz  drift=  +0.00 deg/min  peak=   21.4/2048 dps  cursor=no intersection  ray_az/el=+103.8/-0.3deg hit_mm=none
TRACK MOVING  rate=219 Hz  drift=  +0.00 deg/min  peak=   21.4/2048 dps  cursor=no intersection  ray_az/el=+103.9/+0.1deg hit_mm=none
TRACK MOVING  rate=219 Hz  drift=  +0.00 deg/min  peak=   21.4/2048 dps  cursor=no intersection  ray_az/el=+104.2/+0.4deg hit_mm=none
TRACK MOVING  rate=219 Hz  drift=  +0.00 deg/min  peak=   29.0/2048 dps  cursor=no intersection  ray_az/el=+104.8/+0.2deg hit_mm=none
TRACK MOVING  rate=219 Hz  drift=  +0.00 deg/min  peak=   29.0/2048 dps  cursor=no intersection  ray_az/el=+104.9/+0.7deg hit_mm=none
TRACK MOVING  rate=219 Hz  drift=  +0.00 deg/min  peak=   29.0/2048 dps  cursor=no intersection  ray_az/el=+105.2/+1.1deg hit_mm=none
TRACK MOVING  rate=219 Hz  drift=  +0.00 deg/min  peak=   29.0/2048 dps  cursor=no intersection  ray_az/el=+105.4/+2.0deg hit_mm=none
TRACK MOVING  rate=219 Hz  drift=  +0.00 deg/min  peak=   28.9/2048 dps  cursor=no intersection  ray_az/el=+105.3/+2.0deg hit_mm=none
TRACK MOVING  rate=219 Hz  drift=  +0.00 deg/min  peak=   28.9/2048 dps  cursor=no intersection  ray_az/el=+105.9/+4.1deg hit_mm=none
TRACK MOVING  rate=219 Hz  drift=  +0.00 deg/min  peak=   31.8/2048 dps  cursor=no intersection  ray_az/el=+106.4/+4.5deg hit_mm=none
TRACK MOVING  rate=219 Hz  drift=  +0.00 deg/min  peak=   36.1/2048 dps  cursor=no intersection  ray_az/el=+106.9/+4.6deg hit_mm=none
TRACK MOVING  rate=219 Hz  drift=  +0.00 deg/min  peak=   50.4/2048 dps  cursor=no intersection  ray_az/el=+106.7/+6.8deg hit_mm=none
TRACK MOVING  rate=219 Hz  drift=  +0.00 deg/min  peak=   50.4/2048 dps  cursor=no intersection  ray_az/el=+106.2/+7.7deg hit_mm=none
TRACK MOVING  rate=219 Hz  drift=  +0.00 deg/min  peak=   50.4/2048 dps  cursor=no intersection  ray_az/el=+106.1/+8.6deg hit_mm=none
TRACK MOVING  rate=219 Hz  drift=  +0.00 deg/min  peak=   50.4/2048 dps  cursor=no intersection  ray_az/el=+106.3/+8.9deg hit_mm=none
TRACK MOVING  rate=219 Hz  drift=  +0.00 deg/min  peak=   37.4/2048 dps  cursor=no intersection  ray_az/el=+106.8/+9.3deg hit_mm=none
TRACK MOVING  rate=218 Hz  drift=  +0.00 deg/min  peak=   37.4/2048 dps  cursor=no intersection  ray_az/el=+107.4/+8.7deg hit_mm=none
TRACK MOVING  rate=218 Hz  drift=  +0.00 deg/min  peak=   49.8/2048 dps  cursor=no intersection  ray_az/el=+108.4/+8.6deg hit_mm=none
TRACK MOVING  rate=218 Hz  drift=  +0.00 deg/min  peak=   81.1/2048 dps  cursor=no intersection  ray_az/el=+114.1/+8.7deg hit_mm=none
TRACK MOVING  rate=218 Hz  drift=  +0.00 deg/min  peak=  250.6/2048 dps  cursor=no intersection  ray_az/el=+119.2/+7.6deg hit_mm=none
TRACK MOVING  rate=218 Hz  drift=  +0.00 deg/min  peak= 1225.6/2048 dps  cursor=1082,980  ray_az/el=+2.8/-40.3deg hit_mm=+65.1,-420.6
TRACK MOVING  rate=218 Hz  drift=  +0.00 deg/min  peak= 1225.6/2048 dps  cursor=no intersection  ray_az/el=+149.5/-17.1deg hit_mm=none
TRACK MOVING  rate=218 Hz  drift=  +0.00 deg/min  peak= 1225.6/2048 dps  cursor=no intersection  ray_az/el=+150.9/-14.7deg hit_mm=none
TRACK MOVING  rate=218 Hz  drift=  +0.00 deg/min  peak= 1225.6/2048 dps  cursor=no intersection  ray_az/el=+138.5/-19.4deg hit_mm=none
TRACK MOVING  rate=218 Hz  drift=  +0.00 deg/min  peak= 1202.6/2048 dps  cursor=no intersection  ray_az/el=+148.9/-13.9deg hit_mm=none
TRACK MOVING  rate=218 Hz  drift=  +0.00 deg/min  peak=  738.6/2048 dps  cursor=no intersection  ray_az/el=+145.2/-11.7deg hit_mm=none
TRACK MOVING  rate=218 Hz  drift=  +0.00 deg/min  peak=  738.6/2048 dps  cursor=no intersection  ray_az/el=+141.9/-9.3deg hit_mm=none
TRACK MOVING  rate=218 Hz  drift=  +0.00 deg/min  peak=  689.1/2048 dps  cursor=no intersection  ray_az/el=+143.3/-8.8deg hit_mm=none
TRACK MOVING  rate=218 Hz  drift=  +0.00 deg/min  peak=   59.2/2048 dps  cursor=no intersection  ray_az/el=+144.7/-8.9deg hit_mm=none
TRACK MOVING  rate=218 Hz  drift=  +0.00 deg/min  peak=   38.7/2048 dps  cursor=no intersection  ray_az/el=+151.1/-12.3deg hit_mm=none
TRACK MOVING  rate=218 Hz  drift=  +0.00 deg/min  peak=   38.7/2048 dps  cursor=no intersection  ray_az/el=+155.4/-9.1deg hit_mm=none
TRACK MOVING  rate=218 Hz  drift=  +0.00 deg/min  peak=   38.7/2048 dps  cursor=no intersection  ray_az/el=+162.2/-10.5deg hit_mm=none
TRACK MOVING  rate=218 Hz  drift=  +0.00 deg/min  peak=   27.8/2048 dps  cursor=no intersection  ray_az/el=+166.5/-10.2deg hit_mm=none
TRACK MOVING  rate=218 Hz  drift=  +0.00 deg/min  peak=   40.6/2048 dps  cursor=no intersection  ray_az/el=+174.7/-5.9deg hit_mm=none
TRACK MOVING  rate=218 Hz  drift=  +0.00 deg/min  peak=   73.4/2048 dps  cursor=no intersection  ray_az/el=+177.4/-5.5deg hit_mm=none
TRACK MOVING  rate=218 Hz  drift=  +0.00 deg/min  peak=   73.4/2048 dps  cursor=no intersection  ray_az/el=-176.1/+0.0deg hit_mm=none
TRACK MOVING  rate=218 Hz  drift=  +0.00 deg/min  peak=   73.4/2048 dps  cursor=no intersection  ray_az/el=-172.5/-1.0deg hit_mm=none
TRACK MOVING  rate=218 Hz  drift=  +0.00 deg/min  peak=   73.4/2048 dps  cursor=no intersection  ray_az/el=-171.7/-0.8deg hit_mm=none
TRACK MOVING  rate=218 Hz  drift=  +0.00 deg/min  peak=   43.2/2048 dps  cursor=no intersection  ray_az/el=-170.5/-0.5deg hit_mm=none
TRACK MOVING  rate=218 Hz  drift=  +0.00 deg/min  peak=   32.3/2048 dps  cursor=no intersection  ray_az/el=-169.2/-1.2deg hit_mm=none
TRACK MOVING  rate=218 Hz  drift=  +0.00 deg/min  peak=   24.7/2048 dps  cursor=no intersection  ray_az/el=-169.6/-1.2deg hit_mm=none
TRACK MOVING  rate=218 Hz  drift=  +0.00 deg/min  peak=   19.5/2048 dps  cursor=no intersection  ray_az/el=-168.8/-1.8deg hit_mm=none
TRACK MOVING  rate=218 Hz  drift=  +0.00 deg/min  peak=   19.5/2048 dps  cursor=no intersection  ray_az/el=-167.9/-1.4deg hit_mm=none
TRACK MOVING  rate=218 Hz  drift=  +0.00 deg/min  peak=   17.4/2048 dps  cursor=no intersection  ray_az/el=-167.4/-1.4deg hit_mm=none
TRACK MOVING  rate=218 Hz  drift=  +0.00 deg/min  peak=   16.9/2048 dps  cursor=no intersection  ray_az/el=-167.5/-1.3deg hit_mm=none
TRACK MOVING  rate=218 Hz  drift=  +0.00 deg/min  peak=   16.9/2048 dps  cursor=no intersection  ray_az/el=-167.0/-0.9deg hit_mm=none
TRACK MOVING  rate=218 Hz  drift=  +0.00 deg/min  peak=   16.9/2048 dps  cursor=no intersection  ray_az/el=-166.0/-1.1deg hit_mm=none
TRACK MOVING  rate=218 Hz  drift=  +0.00 deg/min  peak=   15.6/2048 dps  cursor=no intersection  ray_az/el=-164.9/-2.5deg hit_mm=none
TRACK MOVING  rate=218 Hz  drift=  +0.00 deg/min  peak=   14.0/2048 dps  cursor=no intersection  ray_az/el=-162.6/-5.5deg hit_mm=none
TRACK MOVING  rate=218 Hz  drift=  +0.00 deg/min  peak=   15.6/2048 dps  cursor=no intersection  ray_az/el=-161.1/-4.7deg hit_mm=none
TRACK MOVING  rate=218 Hz  drift=  +0.00 deg/min  peak=   30.9/2048 dps  cursor=no intersection  ray_az/el=-161.4/-7.9deg hit_mm=none
TRACK MOVING  rate=218 Hz  drift=  +0.00 deg/min  peak=   30.9/2048 dps  cursor=no intersection  ray_az/el=-164.0/-7.2deg hit_mm=none
TRACK MOVING  rate=218 Hz  drift=  +0.00 deg/min  peak=   30.9/2048 dps  cursor=no intersection  ray_az/el=-160.4/-5.9deg hit_mm=none
TRACK MOVING  rate=218 Hz  drift=  +0.00 deg/min  peak=   30.9/2048 dps  cursor=no intersection  ray_az/el=-159.1/-4.8deg hit_mm=none
TRACK MOVING  rate=218 Hz  drift=  +0.00 deg/min  peak=   27.4/2048 dps  cursor=no intersection  ray_az/el=-158.8/-4.8deg hit_mm=none
TRACK MOVING  rate=218 Hz  drift=  +0.00 deg/min  peak=   19.1/2048 dps  cursor=no intersection  ray_az/el=-158.6/-3.2deg hit_mm=none
TRACK MOVING  rate=218 Hz  drift=  +0.00 deg/min  peak=   19.1/2048 dps  cursor=no intersection  ray_az/el=-158.9/-2.0deg hit_mm=none
TRACK MOVING  rate=218 Hz  drift=  +0.00 deg/min  peak=   15.0/2048 dps  cursor=no intersection  ray_az/el=-159.2/+0.7deg hit_mm=none
TRACK MOVING  rate=219 Hz  drift=  +0.00 deg/min  peak=   14.1/2048 dps  cursor=no intersection  ray_az/el=-159.4/+2.1deg hit_mm=none
TRACK MOVING  rate=219 Hz  drift=  +0.00 deg/min  peak=   14.8/2048 dps  cursor=no intersection  ray_az/el=-161.1/+2.7deg hit_mm=none
TRACK MOVING  rate=219 Hz  drift=  +0.00 deg/min  peak=   14.8/2048 dps  cursor=no intersection  ray_az/el=-161.7/+2.0deg hit_mm=none
TRACK MOVING  rate=219 Hz  drift=  +0.00 deg/min  peak=   14.8/2048 dps  cursor=no intersection  ray_az/el=-162.4/+3.7deg hit_mm=none
TRACK MOVING  rate=219 Hz  drift=  +0.00 deg/min  peak=   14.8/2048 dps  cursor=no intersection  ray_az/el=-160.4/+3.5deg hit_mm=none
TRACK MOVING  rate=219 Hz  drift=  +0.00 deg/min  peak=   13.4/2048 dps  cursor=no intersection  ray_az/el=-160.8/+3.6deg hit_mm=none
# !!! RECENTERED !!! recenters=1
TRACK MOVING  rate=219 Hz  drift=  +0.00 deg/min  peak=   13.4/2048 dps  cursor=970,339  ray_az/el=+0.3/+3.6deg hit_mm=+43.6,+31.0
TRACK MOVING  rate=219 Hz  drift=  +0.00 deg/min  peak=   14.3/2048 dps  cursor=928,318  ray_az/el=-1.1/+4.2deg hit_mm=+31.9,+36.0
TRACK MOVING  rate=219 Hz  drift=  +0.00 deg/min  peak=   34.8/2048 dps  cursor=939,281  ray_az/el=-0.2/+5.0deg hit_mm=+39.3,+43.3
TRACK MOVING  rate=219 Hz  drift=  +0.00 deg/min  peak=   44.3/2048 dps  cursor=851,628  ray_az/el=-3.4/-3.8deg hit_mm=+11.7,-32.8
TRACK MOVING  rate=219 Hz  drift=  +0.00 deg/min  peak=   50.6/2048 dps  cursor=786,487  ray_az/el=-3.4/+0.4deg hit_mm=+11.3,+3.8
TRACK MOVING  rate=219 Hz  drift=  +0.00 deg/min  peak=   50.6/2048 dps  cursor=875,622  ray_az/el=-1.7/-3.7deg hit_mm=+26.3,-32.0
TRACK MOVING  rate=219 Hz  drift=  +0.00 deg/min  peak=   50.6/2048 dps  cursor=991,559  ray_az/el=+1.3/-0.8deg hit_mm=+52.0,-7.1
TRACK MOVING  rate=219 Hz  drift=  +0.00 deg/min  peak=   50.6/2048 dps  cursor=1125,408  ray_az/el=+3.3/+0.8deg hit_mm=+69.8,+6.6
TRACK MOVING  rate=219 Hz  drift=  +0.00 deg/min  peak=   45.2/2048 dps  cursor=1267,336  ray_az/el=+7.6/+4.1deg hit_mm=+106.8,+36.1
TRACK MOVING  rate=219 Hz  drift=  +0.00 deg/min  peak=   45.2/2048 dps  cursor=1319,341  ray_az/el=+7.6/+3.1deg hit_mm=+107.4,+27.2
TRACK MOVING  rate=219 Hz  drift=  +0.00 deg/min  peak=   45.2/2048 dps  cursor=1353,555  ray_az/el=+9.2/-1.7deg hit_mm=+121.2,-15.2
TRACK MOVING  rate=219 Hz  drift=  +0.00 deg/min  peak=   45.2/2048 dps  cursor=1345,570  ray_az/el=+8.5/-1.7deg hit_mm=+115.2,-14.6
TRACK MOVING  rate=219 Hz  drift=  +0.00 deg/min  peak=   23.6/2048 dps  cursor=1278,617  ray_az/el=+6.8/-3.3deg hit_mm=+100.2,-28.7
TRACK MOVING  rate=219 Hz  drift=  +0.00 deg/min  peak=   18.9/2048 dps  cursor=1229,677  ray_az/el=+5.7/-4.8deg hit_mm=+90.5,-41.5
TRACK MOVING  rate=219 Hz  drift=  +0.00 deg/min  peak=   25.6/2048 dps  cursor=1108,812  ray_az/el=+3.7/-6.6deg hit_mm=+73.1,-57.4
TRACK MOVING  rate=219 Hz  drift=  +0.00 deg/min  peak=   31.7/2048 dps  cursor=1173,769  ray_az/el=+5.3/-7.3deg hit_mm=+87.3,-63.5
TRACK MOVING  rate=219 Hz  drift=  +0.00 deg/min  peak=   31.7/2048 dps  cursor=1248,638  ray_az/el=+5.8/-2.8deg hit_mm=+91.5,-24.0
TRACK MOVING  rate=219 Hz  drift=  +0.00 deg/min  peak=   31.7/2048 dps  cursor=1078,603  ray_az/el=+2.4/-2.2deg hit_mm=+62.2,-18.9
TRACK MOVING  rate=219 Hz  drift=  +0.00 deg/min  peak=   31.7/2048 dps  cursor=1049,534  ray_az/el=+1.9/-0.7deg hit_mm=+57.9,-6.1
TRACK MOVING  rate=219 Hz  drift=  +0.00 deg/min  peak=   30.7/2048 dps  cursor=1036,488  ray_az/el=+1.5/+0.2deg hit_mm=+54.3,+2.1
TRACK MOVING  rate=219 Hz  drift=  +0.00 deg/min  peak=   23.4/2048 dps  cursor=999,418  ray_az/el=+0.7/+2.0deg hit_mm=+46.8,+17.4
TRACK MOVING  rate=219 Hz  drift=  +0.00 deg/min  peak=   34.8/2048 dps  cursor=842,328  ray_az/el=-3.1/+3.8deg hit_mm=+14.4,+32.7
TRACK MOVING  rate=219 Hz  drift=  +0.00 deg/min  peak=   34.8/2048 dps  cursor=837,282  ray_az/el=-3.0/+4.8deg hit_mm=+14.8,+42.0
TRACK MOVING  rate=219 Hz  drift=  +0.00 deg/min  peak=   34.8/2048 dps  cursor=848,243  ray_az/el=-2.5/+5.7deg hit_mm=+19.9,+49.8
TRACK MOVING  rate=219 Hz  drift=  +0.00 deg/min  peak=   34.8/2048 dps  cursor=861,224  ray_az/el=-2.3/+6.6deg hit_mm=+21.1,+57.5
TRACK MOVING  rate=219 Hz  drift=  +0.00 deg/min  peak=   58.0/2048 dps  cursor=869,170  ray_az/el=-3.0/+6.9deg hit_mm=+15.2,+59.7
TRACK MOVING  rate=219 Hz  drift=  +0.00 deg/min  peak=   58.0/2048 dps  cursor=910,146  ray_az/el=-0.9/+8.0deg hit_mm=+33.0,+69.3
TRACK MOVING  rate=219 Hz  drift=  +0.00 deg/min  peak=   58.0/2048 dps  cursor=957,2  ray_az/el=+0.2/+13.1deg hit_mm=+42.6,+115.7
TRACK MOVING  rate=219 Hz  drift=  +0.00 deg/min  peak=   58.0/2048 dps  cursor=913,140  ray_az/el=-1.3/+7.7deg hit_mm=+29.9,+67.4
# !!! RECENTERED !!! recenters=2
TRACK MOVING  rate=219 Hz  drift=  +0.00 deg/min  peak=   23.0/2048 dps  cursor=971,239  ray_az/el=+0.2/+5.5deg hit_mm=+42.4,+48.1
# !!! RECENTERED !!! recenters=3
TRACK MOVING  rate=219 Hz  drift=  +0.00 deg/min  peak=   23.0/2048 dps  cursor=970,259  ray_az/el=+0.2/+5.1deg hit_mm=+42.8,+44.4
TRACK MOVING  rate=219 Hz  drift=  +0.00 deg/min  peak=   22.6/2048 dps  cursor=974,336  ray_az/el=+0.3/+3.5deg hit_mm=+43.9,+30.0
TRACK MOVING  rate=219 Hz  drift=  +0.00 deg/min  peak=   29.6/2048 dps  cursor=1095,159  ray_az/el=+2.9/+6.9deg hit_mm=+66.3,+60.0
TRACK MOVING  rate=219 Hz  drift=  +0.00 deg/min  peak=   40.2/2048 dps  cursor=884,663  ray_az/el=-2.1/-4.3deg hit_mm=+22.8,-37.6
TRACK MOVING  rate=219 Hz  drift=  +0.00 deg/min  peak=   40.2/2048 dps  cursor=960,537  ray_az/el=+0.2/-1.0deg hit_mm=+42.8,-8.3
TRACK MOVING  rate=219 Hz  drift=  +0.00 deg/min  peak=   40.2/2048 dps  cursor=1028,441  ray_az/el=+1.8/+0.9deg hit_mm=+57.0,+7.7
TRACK MOVING  rate=218 Hz  drift=  +0.00 deg/min  peak=   40.2/2048 dps  cursor=1070,532  ray_az/el=+2.8/-1.1deg hit_mm=+65.5,-9.6
TRACK MOVING  rate=218 Hz  drift=  +0.00 deg/min  peak=   31.4/2048 dps  cursor=1135,572  ray_az/el=+4.5/-1.2deg hit_mm=+80.1,-10.2
TRACK MOVING  rate=218 Hz  drift=  +0.00 deg/min  peak=   19.3/2048 dps  cursor=1188,507  ray_az/el=+4.9/-0.6deg hit_mm=+84.0,-5.2
TRACK MOVING  rate=218 Hz  drift=  +0.00 deg/min  peak=   16.2/2048 dps  cursor=1150,507  ray_az/el=+4.1/-0.2deg hit_mm=+76.2,-1.4
TRACK MOVING  rate=218 Hz  drift=  +0.00 deg/min  peak=   16.2/2048 dps  cursor=1058,490  ray_az/el=+2.0/+0.1deg hit_mm=+58.3,+1.1
TRACK MOVING  rate=218 Hz  drift=  +0.00 deg/min  peak=   15.6/2048 dps  cursor=990,494  ray_az/el=+0.4/-0.2deg hit_mm=+44.2,-1.4
TRACK MOVING  rate=218 Hz  drift=  +0.00 deg/min  peak=   13.1/2048 dps  cursor=961,498  ray_az/el=-0.0/+0.2deg hit_mm=+41.0,+1.9
TRACK MOVING  rate=218 Hz  drift=  +0.00 deg/min  peak=   19.2/2048 dps  cursor=955,531  ray_az/el=+0.1/-1.4deg hit_mm=+42.4,-12.0
TRACK MOVING  rate=218 Hz  drift=  +0.00 deg/min  peak=   36.9/2048 dps  cursor=761,842  ray_az/el=-5.1/-8.6deg hit_mm=-3.3,-75.4
TRACK MOVING  rate=218 Hz  drift=  +0.00 deg/min  peak=   81.8/2048 dps  cursor=460,980  ray_az/el=-11.8/-22.9deg hit_mm=-62.7,-213.6
TRACK MOVING  rate=218 Hz  drift=  +0.00 deg/min  peak=   81.8/2048 dps  cursor=151,980  ray_az/el=-18.0/-35.5deg hit_mm=-120.2,-371.2
TRACK MOVING  rate=218 Hz  drift=  +0.00 deg/min  peak=   81.8/2048 dps  cursor=343,980  ray_az/el=-13.7/-28.2deg hit_mm=-80.0,-273.5
TRACK MOVING  rate=218 Hz  drift=  +0.00 deg/min  peak=   81.8/2048 dps  cursor=663,980  ray_az/el=-6.6/-13.7deg hit_mm=-16.1,-121.8
TRACK MOVING  rate=218 Hz  drift=  +0.00 deg/min  peak=   66.3/2048 dps  cursor=921,563  ray_az/el=-0.7/-1.3deg hit_mm=+35.2,-11.1
TRACK MOVING  rate=218 Hz  drift=  +0.00 deg/min  peak=   66.3/2048 dps  cursor=1016,379  ray_az/el=+1.7/+3.2deg hit_mm=+56.0,+27.6
TRACK MOVING  rate=218 Hz  drift=  +0.00 deg/min  peak=   66.3/2048 dps  cursor=994,198  ray_az/el=+0.4/+6.8deg hit_mm=+44.9,+59.3
TRACK MOVING  rate=218 Hz  drift=  +0.00 deg/min  peak=   66.3/2048 dps  cursor=933,94  ray_az/el=-1.0/+9.2deg hit_mm=+32.4,+80.2
TRACK MOVING  rate=218 Hz  drift=  +0.00 deg/min  peak=   40.4/2048 dps  cursor=885,46  ray_az/el=-1.9/+10.3deg hit_mm=+24.6,+90.0
TRACK MOVING  rate=218 Hz  drift=  +0.00 deg/min  peak=   40.4/2048 dps  cursor=866,29  ray_az/el=-2.4/+10.7deg hit_mm=+20.7,+93.5
TRACK MOVING  rate=218 Hz  drift=  +0.00 deg/min  peak=   19.6/2048 dps  cursor=876,2  ray_az/el=-1.9/+11.3deg hit_mm=+25.0,+98.6
TRACK MOVING  rate=218 Hz  drift=  +0.00 deg/min  peak=   17.2/2048 dps  cursor=886,0  ray_az/el=-1.7/+11.7deg hit_mm=+26.5,+103.0
TRACK MOVING  rate=218 Hz  drift=  +0.00 deg/min  peak=   17.2/2048 dps  cursor=888,0  ray_az/el=-1.7/+11.8deg hit_mm=+26.7,+103.9
TRACK MOVING  rate=218 Hz  drift=  +0.00 deg/min  peak=   17.2/2048 dps  cursor=874,0  ray_az/el=-2.0/+12.0deg hit_mm=+24.2,+104.9
TRACK MOVING  rate=218 Hz  drift=  +0.00 deg/min  peak=   17.2/2048 dps  cursor=897,0  ray_az/el=-1.5/+11.7deg hit_mm=+28.3,+103.0
TRACK MOVING  rate=218 Hz  drift=  +0.00 deg/min  peak=   17.2/2048 dps  cursor=902,0  ray_az/el=-1.3/+11.6deg hit_mm=+29.7,+101.3
TRACK MOVING  rate=218 Hz  drift=  +0.00 deg/min  peak=   17.2/2048 dps  cursor=925,0  ray_az/el=-0.9/+12.0deg hit_mm=+33.7,+105.3
TRACK MOVING  rate=218 Hz  drift=  +0.00 deg/min  peak=   15.3/2048 dps  cursor=940,0  ray_az/el=-0.5/+12.6deg hit_mm=+36.6,+110.5
TRACK MOVING  rate=218 Hz  drift=  +0.00 deg/min  peak=   15.3/2048 dps  cursor=952,0  ray_az/el=-0.3/+12.7deg hit_mm=+38.8,+111.9
TRACK MOVING  rate=218 Hz  drift=  +0.00 deg/min  peak=   16.1/2048 dps  cursor=953,0  ray_az/el=-0.4/+13.1deg hit_mm=+37.7,+115.2
TRACK MOVING  rate=218 Hz  drift=  +0.00 deg/min  peak=   16.1/2048 dps  cursor=981,0  ray_az/el=+0.6/+13.3deg hit_mm=+46.0,+117.5
TRACK MOVING  rate=218 Hz  drift=  +0.00 deg/min  peak=   18.4/2048 dps  cursor=937,0  ray_az/el=-1.0/+15.3deg hit_mm=+32.1,+135.2
TRACK MOVING  rate=219 Hz  drift=  +0.00 deg/min  peak=   18.4/2048 dps  cursor=925,0  ray_az/el=-1.0/+16.5deg hit_mm=+32.3,+146.9
TRACK MOVING  rate=219 Hz  drift=  +0.00 deg/min  peak=   21.4/2048 dps  cursor=923,0  ray_az/el=-1.0/+19.6deg hit_mm=+32.8,+176.2
TRACK MOVING  rate=219 Hz  drift=  +0.00 deg/min  peak=   31.8/2048 dps  cursor=831,0  ray_az/el=-3.4/+24.5deg hit_mm=+12.1,+226.4
TRACK MOVING  rate=219 Hz  drift=  +0.00 deg/min  peak=   43.5/2048 dps  cursor=972,0  ray_az/el=+0.9/+34.9deg hit_mm=+48.7,+345.6
TRACK MOVING  rate=219 Hz  drift=  +0.00 deg/min  peak=   43.5/2048 dps  cursor=1429,0  ray_az/el=+11.2/+41.7deg hit_mm=+138.9,+449.3
TRACK MOVING  rate=219 Hz  drift=  +0.00 deg/min  peak=   50.9/2048 dps  cursor=1510,0  ray_az/el=+19.0/+47.8deg hit_mm=+211.9,+577.9
TRACK MOVING  rate=219 Hz  drift=  +0.00 deg/min  peak=   73.9/2048 dps  cursor=1510,0  ray_az/el=+45.9/+48.1deg hit_mm=+551.5,+793.7
TRACK MOVING  rate=219 Hz  drift=  +0.00 deg/min  peak=   73.9/2048 dps  cursor=1510,0  ray_az/el=+58.2/+53.6deg hit_mm=+838.9,+1274.1
TRACK MOVING  rate=219 Hz  drift=  +0.00 deg/min  peak=   73.9/2048 dps  cursor=1510,0  ray_az/el=+60.1/+58.8deg hit_mm=+902.5,+1637.5
TRACK MOVING  rate=219 Hz  drift=  +0.00 deg/min  peak=   73.9/2048 dps  cursor=1510,0  ray_az/el=+61.3/+58.6deg hit_mm=+944.3,+1689.6
TRACK MOVING  rate=219 Hz  drift=  +0.00 deg/min  peak=   65.1/2048 dps  cursor=1510,0  ray_az/el=+59.1/+58.3deg hit_mm=+870.2,+1562.6
TRACK MOVING  rate=219 Hz  drift=  +0.00 deg/min  peak=   58.7/2048 dps  cursor=1510,0  ray_az/el=+53.4/+58.3deg hit_mm=+708.6,+1343.8
TRACK MOVING  rate=219 Hz  drift=  +0.00 deg/min  peak=   29.0/2048 dps  cursor=1510,0  ray_az/el=+52.9/+58.9deg hit_mm=+695.3,+1358.6
TRACK MOVING  rate=219 Hz  drift=  +0.00 deg/min  peak=   38.4/2048 dps  cursor=1510,0  ray_az/el=+45.1/+59.8deg hit_mm=+538.7,+1206.6
TRACK MOVING  rate=219 Hz  drift=  +0.00 deg/min  peak=   53.9/2048 dps  cursor=1510,0  ray_az/el=+27.7/+54.1deg hit_mm=+301.3,+773.9
TRACK MOVING  rate=219 Hz  drift=  +0.00 deg/min  peak=   64.0/2048 dps  cursor=1510,0  ray_az/el=+16.5/+37.7deg hit_mm=+187.9,+398.9
TRACK MOVING  rate=219 Hz  drift=  +0.00 deg/min  peak=   64.0/2048 dps  cursor=1510,0  ray_az/el=+12.5/+28.2deg hit_mm=+151.3,+271.8
TRACK MOVING  rate=219 Hz  drift=  +0.00 deg/min  peak=   64.0/2048 dps  cursor=1436,0  ray_az/el=+10.6/+15.9deg hit_mm=+133.4,+143.5
TRACK MOVING  rate=219 Hz  drift=  +0.00 deg/min  peak=   64.0/2048 dps  cursor=1326,0  ray_az/el=+8.2/+15.4deg hit_mm=+112.3,+138.1
TRACK MOVING  rate=219 Hz  drift=  +0.00 deg/min  peak=   49.9/2048 dps  cursor=1307,0  ray_az/el=+7.7/+18.4deg hit_mm=+107.7,+165.9
TRACK MOVING  rate=219 Hz  drift=  +0.00 deg/min  peak=   49.9/2048 dps  cursor=1292,0  ray_az/el=+7.6/+19.2deg hit_mm=+107.1,+174.2
TRACK MOVING  rate=219 Hz  drift=  +0.00 deg/min  peak=   20.1/2048 dps  cursor=1296,0  ray_az/el=+7.8/+19.6deg hit_mm=+108.6,+178.4
TRACK MOVING  rate=219 Hz  drift=  +0.00 deg/min  peak=   19.6/2048 dps  cursor=1256,0  ray_az/el=+6.5/+21.4deg hit_mm=+97.1,+195.0
TRACK MOVING  rate=219 Hz  drift=  +0.00 deg/min  peak=   19.6/2048 dps  cursor=1289,0  ray_az/el=+7.6/+21.9deg hit_mm=+107.1,+201.1
TRACK MOVING  rate=219 Hz  drift=  +0.00 deg/min  peak=   19.6/2048 dps  cursor=1252,0  ray_az/el=+6.7/+21.9deg hit_mm=+99.7,+200.3
TRACK MOVING  rate=219 Hz  drift=  +0.00 deg/min  peak=   19.6/2048 dps  cursor=1269,0  ray_az/el=+7.0/+22.3deg hit_mm=+102.0,+205.1
TRACK MOVING  rate=219 Hz  drift=  +0.00 deg/min  peak=   21.5/2048 dps  cursor=1263,0  ray_az/el=+7.7/+23.2deg hit_mm=+108.1,+214.3
TRACK MOVING  rate=219 Hz  drift=  +0.00 deg/min  peak=   23.0/2048 dps  cursor=1391,0  ray_az/el=+9.1/+21.8deg hit_mm=+120.2,+200.4
TRACK MOVING  rate=219 Hz  drift=  +0.00 deg/min  peak=   49.2/2048 dps  cursor=1462,0  ray_az/el=+11.8/+18.7deg hit_mm=+144.8,+171.2
TRACK MOVING  rate=218 Hz  drift=  +0.00 deg/min  peak=  115.3/2048 dps  cursor=1510,0  ray_az/el=+16.3/+20.3deg hit_mm=+186.1,+191.0
TRACK MOVING  rate=218 Hz  drift=  +0.00 deg/min  peak=  115.3/2048 dps  cursor=1510,0  ray_az/el=+16.3/+24.7deg hit_mm=+185.5,+237.2
TRACK MOVING  rate=218 Hz  drift=  +0.00 deg/min  peak=  115.3/2048 dps  cursor=1510,0  ray_az/el=+13.5/+24.9deg hit_mm=+160.4,+236.5
TRACK MOVING  rate=218 Hz  drift=  +0.00 deg/min  peak=  115.3/2048 dps  cursor=1444,0  ray_az/el=+10.5/+24.1deg hit_mm=+132.7,+224.8
TRACK MOVING  rate=218 Hz  drift=  +0.00 deg/min  peak=   92.9/2048 dps  cursor=1452,0  ray_az/el=+11.4/+20.8deg hit_mm=+140.5,+191.8
TRACK MOVING  rate=218 Hz  drift=  +0.00 deg/min  peak=  100.7/2048 dps  cursor=1128,0  ray_az/el=+3.5/+19.6deg hit_mm=+71.7,+177.0
TRACK MOVING  rate=218 Hz  drift=  +0.00 deg/min  peak=  100.7/2048 dps  cursor=1114,0  ray_az/el=+4.0/+17.7deg hit_mm=+75.7,+158.5
TRACK MOVING  rate=218 Hz  drift=  +0.00 deg/min  peak=  126.8/2048 dps  cursor=1008,0  ray_az/el=+0.9/+22.6deg hit_mm=+48.5,+206.0
TRACK MOVING  rate=218 Hz  drift=  +0.00 deg/min  peak=  126.8/2048 dps  cursor=961,0  ray_az/el=-0.3/+24.8deg hit_mm=+38.3,+228.8
TRACK MOVING  rate=218 Hz  drift=  +0.00 deg/min  peak=  135.9/2048 dps  cursor=1017,0  ray_az/el=+2.3/+22.8deg hit_mm=+60.9,+207.9
TRACK MOVING  rate=218 Hz  drift=  +0.00 deg/min  peak=  175.2/2048 dps  cursor=1204,0  ray_az/el=+4.5/+19.1deg hit_mm=+80.3,+171.6
TRACK MOVING  rate=218 Hz  drift=  +0.00 deg/min  peak=  175.2/2048 dps  cursor=1085,0  ray_az/el=+2.6/+21.5deg hit_mm=+63.8,+195.6
TRACK MOVING  rate=218 Hz  drift=  +0.00 deg/min  peak=  175.2/2048 dps  cursor=1156,0  ray_az/el=+4.6/+21.3deg hit_mm=+81.0,+193.5
TRACK MOVING  rate=218 Hz  drift=  +0.00 deg/min  peak=  175.2/2048 dps  cursor=1230,0  ray_az/el=+5.7/+20.6deg hit_mm=+90.8,+186.7
TRACK MOVING  rate=218 Hz  drift=  +0.00 deg/min  peak=   54.6/2048 dps  cursor=1169,0  ray_az/el=+4.6/+21.4deg hit_mm=+80.9,+194.5
TRACK MOVING  rate=218 Hz  drift=  +0.00 deg/min  peak=   54.6/2048 dps  cursor=1120,0  ray_az/el=+3.4/+22.6deg hit_mm=+70.4,+206.7
TRACK MOVING  rate=218 Hz  drift=  +0.00 deg/min  peak=   39.3/2048 dps  cursor=1099,0  ray_az/el=+3.0/+23.9deg hit_mm=+67.4,+219.8
TRACK MOVING  rate=218 Hz  drift=  +0.00 deg/min  peak=   35.6/2048 dps  cursor=1106,0  ray_az/el=+3.4/+23.9deg hit_mm=+70.2,+219.7
TRACK MOVING  rate=218 Hz  drift=  +0.00 deg/min  peak=   35.6/2048 dps  cursor=1116,0  ray_az/el=+3.4/+23.8deg hit_mm=+70.8,+218.5
TRACK MOVING  rate=218 Hz  drift=  +0.00 deg/min  peak=   35.6/2048 dps  cursor=1090,0  ray_az/el=+2.8/+24.1deg hit_mm=+65.7,+221.3
TRACK MOVING  rate=218 Hz  drift=  +0.00 deg/min  peak=   13.1/2048 dps  cursor=1071,0  ray_az/el=+2.3/+24.4deg hit_mm=+60.6,+224.5
TRACK MOVING  rate=218 Hz  drift=  +0.00 deg/min  peak=   23.4/2048 dps  cursor=1030,0  ray_az/el=+1.1/+25.2deg hit_mm=+50.9,+233.4
TRACK MOVING  rate=218 Hz  drift=  +0.00 deg/min  peak=   23.4/2048 dps  cursor=1041,0  ray_az/el=+1.9/+24.9deg hit_mm=+57.4,+230.0
TRACK MOVING  rate=218 Hz  drift=  +0.00 deg/min  peak=   23.4/2048 dps  cursor=1025,0  ray_az/el=+1.1/+25.2deg hit_mm=+50.7,+232.8
TRACK REST    rate=219 Hz  drift=  +0.00 deg/min  peak=   23.4/2048 dps  cursor=1010,0  ray_az/el=+1.0/+25.5deg hit_mm=+49.5,+236.1
TRACK MOVING  rate=219 Hz  drift=  +0.00 deg/min  peak=   14.9/2048 dps  cursor=1016,0  ray_az/el=+1.1/+25.3deg hit_mm=+50.7,+234.6
TRACK MOVING  rate=219 Hz  drift=  +0.00 deg/min  peak=   14.9/2048 dps  cursor=1045,0  ray_az/el=+2.1/+25.6deg hit_mm=+59.1,+237.2
TRACK MOVING  rate=219 Hz  drift=  +0.00 deg/min  peak=   13.0/2048 dps  cursor=1085,0  ray_az/el=+3.0/+25.7deg hit_mm=+66.9,+238.6
TRACK MOVING  rate=219 Hz  drift=  +0.00 deg/min  peak=   13.0/2048 dps  cursor=1126,0  ray_az/el=+3.8/+24.9deg hit_mm=+74.4,+230.7
TRACK MOVING  rate=219 Hz  drift=  +0.00 deg/min  peak=   13.0/2048 dps  cursor=1147,0  ray_az/el=+4.4/+25.0deg hit_mm=+79.4,+231.8
TRACK MOVING  rate=219 Hz  drift=  +0.00 deg/min  peak=   11.6/2048 dps  cursor=1146,0  ray_az/el=+4.3/+25.3deg hit_mm=+78.1,+234.8
TRACK MOVING  rate=219 Hz  drift=  +0.00 deg/min  peak=   11.6/2048 dps  cursor=1160,0  ray_az/el=+4.7/+25.3deg hit_mm=+82.3,+235.1
TRACK MOVING  rate=219 Hz  drift=  +0.00 deg/min  peak=   11.6/2048 dps  cursor=1186,0  ray_az/el=+5.2/+24.8deg hit_mm=+86.3,+230.2
TRACK MOVING  rate=219 Hz  drift=  +0.00 deg/min  peak=   11.6/2048 dps  cursor=1195,0  ray_az/el=+5.2/+25.1deg hit_mm=+86.6,+232.5
TRACK MOVING  rate=219 Hz  drift=  +0.00 deg/min  peak=   13.2/2048 dps  cursor=1217,0  ray_az/el=+6.2/+24.1deg hit_mm=+94.9,+222.5
TRACK MOVING  rate=219 Hz  drift=  +0.00 deg/min  peak=   17.9/2048 dps  cursor=1161,0  ray_az/el=+4.7/+24.8deg hit_mm=+81.8,+230.0
TRACK MOVING  rate=219 Hz  drift=  +0.00 deg/min  peak=   17.9/2048 dps  cursor=1230,0  ray_az/el=+6.4/+25.5deg hit_mm=+97.1,+237.4
TRACK MOVING  rate=219 Hz  drift=  +0.00 deg/min  peak=   17.9/2048 dps  cursor=1281,0  ray_az/el=+7.4/+25.4deg hit_mm=+105.1,+237.3
TRACK MOVING  rate=219 Hz  drift=  +0.00 deg/min  peak=   17.9/2048 dps  cursor=1269,0  ray_az/el=+6.8/+26.2deg hit_mm=+100.3,+245.0
TRACK MOVING  rate=219 Hz  drift=  +0.00 deg/min  peak=   25.7/2048 dps  cursor=1307,0  ray_az/el=+7.8/+26.6deg hit_mm=+109.3,+250.9
TRACK MOVING  rate=219 Hz  drift=  +0.00 deg/min  peak=   25.7/2048 dps  cursor=1306,0  ray_az/el=+7.8/+29.6deg hit_mm=+109.4,+284.3
TRACK MOVING  rate=219 Hz  drift=  +0.00 deg/min  peak=   68.9/2048 dps  cursor=1290,0  ray_az/el=+7.5/+29.6deg hit_mm=+106.0,+283.2
TRACK MOVING  rate=219 Hz  drift=  +0.00 deg/min  peak=  187.9/2048 dps  cursor=1295,0  ray_az/el=+6.9/+30.2deg hit_mm=+100.9,+290.9
TRACK MOVING  rate=219 Hz  drift=  +0.00 deg/min  peak=  343.6/2048 dps  cursor=1510,0  ray_az/el=+19.6/+31.1deg hit_mm=+217.6,+317.4
TRACK MOVING  rate=219 Hz  drift=  +0.00 deg/min  peak=  343.6/2048 dps  cursor=1510,0  ray_az/el=+17.8/+32.6deg hit_mm=+200.3,+332.8
TRACK MOVING  rate=219 Hz  drift=  +0.00 deg/min  peak=  343.6/2048 dps  cursor=1506,0  ray_az/el=+13.3/+33.8deg hit_mm=+158.1,+340.9
TRACK MOVING  rate=219 Hz  drift=  +0.00 deg/min  peak=  343.6/2048 dps  cursor=1233,0  ray_az/el=+6.3/+34.0deg hit_mm=+95.5,+336.1
TRACK MOVING  rate=218 Hz  drift=  +0.00 deg/min  peak=   66.0/2048 dps  cursor=1294,0  ray_az/el=+7.2/+34.1deg hit_mm=+103.6,+337.4
TRACK MOVING  rate=218 Hz  drift=  +0.00 deg/min  peak=   59.3/2048 dps  cursor=1276,0  ray_az/el=+7.2/+33.4deg hit_mm=+103.9,+328.6
TRACK MOVING  rate=218 Hz  drift=  +0.00 deg/min  peak=   44.8/2048 dps  cursor=1259,0  ray_az/el=+6.6/+33.9deg hit_mm=+98.2,+334.9
TRACK MOVING  rate=218 Hz  drift=  +0.00 deg/min  peak=   38.4/2048 dps  cursor=1211,0  ray_az/el=+5.4/+33.8deg hit_mm=+88.2,+333.3
TRACK MOVING  rate=218 Hz  drift=  +0.00 deg/min  peak=   38.4/2048 dps  cursor=1154,0  ray_az/el=+4.1/+33.2deg hit_mm=+76.7,+325.4
TRACK MOVING  rate=218 Hz  drift=  +0.00 deg/min  peak=   34.6/2048 dps  cursor=1095,0  ray_az/el=+2.7/+33.1deg hit_mm=+64.5,+323.1
TRACK MOVING  rate=218 Hz  drift=  +0.00 deg/min  peak=   34.6/2048 dps  cursor=1076,0  ray_az/el=+2.6/+33.0deg hit_mm=+63.9,+321.9
TRACK MOVING  rate=218 Hz  drift=  +0.00 deg/min  peak=   32.9/2048 dps  cursor=1058,0  ray_az/el=+2.1/+31.5deg hit_mm=+59.3,+303.6
TRACK MOVING  rate=218 Hz  drift=  +0.00 deg/min  peak=   32.9/2048 dps  cursor=1095,0  ray_az/el=+3.1/+30.9deg hit_mm=+67.9,+297.3
TRACK MOVING  rate=218 Hz  drift=  +0.00 deg/min  peak=   30.8/2048 dps  cursor=1094,0  ray_az/el=+3.0/+30.9deg hit_mm=+67.4,+296.6
TRACK MOVING  rate=218 Hz  drift=  +0.00 deg/min  peak=   30.8/2048 dps  cursor=1073,0  ray_az/el=+2.6/+30.5deg hit_mm=+63.6,+291.5
TRACK MOVING  rate=218 Hz  drift=  +0.00 deg/min  peak=   39.2/2048 dps  cursor=1076,0  ray_az/el=+2.8/+30.4deg hit_mm=+65.4,+291.2
TRACK MOVING  rate=218 Hz  drift=  +0.00 deg/min  peak=   39.2/2048 dps  cursor=1093,0  ray_az/el=+3.2/+30.5deg hit_mm=+68.8,+292.5
TRACK MOVING  rate=218 Hz  drift=  +0.00 deg/min  peak=   39.2/2048 dps  cursor=1111,0  ray_az/el=+2.6/+32.6deg hit_mm=+63.8,+317.0
TRACK MOVING  rate=218 Hz  drift=  +0.00 deg/min  peak=   36.2/2048 dps  cursor=1046,0  ray_az/el=+2.1/+33.9deg hit_mm=+59.0,+332.6
TRACK MOVING  rate=218 Hz  drift=  +0.00 deg/min  peak=   36.2/2048 dps  cursor=1084,0  ray_az/el=+3.2/+33.5deg hit_mm=+68.7,+328.6
TRACK MOVING  rate=218 Hz  drift=  +0.00 deg/min  peak=   37.2/2048 dps  cursor=1095,0  ray_az/el=+2.9/+31.6deg hit_mm=+66.4,+305.3
TRACK MOVING  rate=218 Hz  drift=  +0.00 deg/min  peak=  196.2/2048 dps  cursor=1402,0  ray_az/el=+9.9/+41.6deg hit_mm=+127.9,+446.2
TRACK MOVING  rate=218 Hz  drift=  +0.00 deg/min  peak=  196.2/2048 dps  cursor=1155,0  ray_az/el=+6.0/+32.6deg hit_mm=+93.2,+318.4
TRACK MOVING  rate=218 Hz  drift=  +0.00 deg/min  peak=  196.2/2048 dps  cursor=1373,0  ray_az/el=+7.9/+23.4deg hit_mm=+109.9,+216.7
TRACK MOVING  rate=219 Hz  drift=  +0.00 deg/min  peak=  196.2/2048 dps  cursor=1056,0  ray_az/el=+2.1/+19.9deg hit_mm=+59.5,+179.5
TRACK MOVING  rate=219 Hz  drift=  +0.00 deg/min  peak=  118.9/2048 dps  cursor=985,0  ray_az/el=+0.7/+16.2deg hit_mm=+47.0,+144.3
TRACK MOVING  rate=219 Hz  drift=  +0.00 deg/min  peak=  172.7/2048 dps  cursor=1034,0  ray_az/el=+2.0/+22.2deg hit_mm=+58.6,+202.1
TRACK MOVING  rate=219 Hz  drift=  +0.00 deg/min  peak=  172.7/2048 dps  cursor=870,0  ray_az/el=-2.7/+28.7deg hit_mm=+18.0,+271.0
TRACK MOVING  rate=219 Hz  drift=  +0.00 deg/min  peak=  207.1/2048 dps  cursor=791,0  ray_az/el=-3.8/+20.0deg hit_mm=+7.9,+180.3
TRACK MOVING  rate=219 Hz  drift=  +0.00 deg/min  peak=  207.1/2048 dps  cursor=1047,210  ray_az/el=+0.8/+7.1deg hit_mm=+47.6,+61.7
TRACK MOVING  rate=219 Hz  drift=  +0.00 deg/min  peak=  207.1/2048 dps  cursor=951,148  ray_az/el=-0.3/+8.0deg hit_mm=+38.2,+69.9
TRACK MOVING  rate=219 Hz  drift=  +0.00 deg/min  peak=  207.1/2048 dps  cursor=782,135  ray_az/el=-4.4/+9.1deg hit_mm=+2.9,+79.2
TRACK MOVING  rate=219 Hz  drift=  +0.00 deg/min  peak=  233.9/2048 dps  cursor=938,1  ray_az/el=-1.7/+12.9deg hit_mm=+26.4,+113.8
TRACK MOVING  rate=219 Hz  drift=  +0.00 deg/min  peak=  233.9/2048 dps  cursor=741,5  ray_az/el=-5.1/+10.8deg hit_mm=-2.7,+94.4
# !!! RECENTERED !!! recenters=4
TRACK MOVING  rate=219 Hz  drift=  +0.00 deg/min  peak=  233.9/2048 dps  cursor=965,0  ray_az/el=+0.4/+12.7deg hit_mm=+45.0,+111.7
# !!! RECENTERED !!! recenters=5
TRACK MOVING  rate=219 Hz  drift=  +0.00 deg/min  peak=  233.9/2048 dps  cursor=958,0  ray_az/el=-0.0/+12.1deg hit_mm=+40.8,+106.3
# !!! RECENTERED !!! recenters=6
# !!! RECENTERED !!! recenters=7
# !!! RECENTERED !!! recenters=8
TRACK MOVING  rate=219 Hz  drift=  +0.00 deg/min  peak=  145.9/2048 dps  cursor=962,0  ray_az/el=+0.0/+11.1deg hit_mm=+41.5,+97.5
TRACK MOVING  rate=219 Hz  drift=  +0.00 deg/min  peak=   27.9/2048 dps  cursor=917,0  ray_az/el=-1.3/+13.5deg hit_mm=+30.1,+119.0
TRACK MOVING  rate=219 Hz  drift=  +0.00 deg/min  peak=   26.4/2048 dps  cursor=933,0  ray_az/el=-0.6/+12.8deg hit_mm=+36.0,+112.5
TRACK MOVING  rate=219 Hz  drift=  +0.00 deg/min  peak=   71.6/2048 dps  cursor=943,0  ray_az/el=-0.4/+13.5deg hit_mm=+37.3,+119.1
# !!! RECENTERED !!! recenters=9
TRACK MOVING  rate=219 Hz  drift=  +0.00 deg/min  peak=  111.2/2048 dps  cursor=998,0  ray_az/el=+1.3/+14.1deg hit_mm=+52.2,+124.4
# !!! RECENTERED !!! recenters=10
# !!! RECENTERED !!! recenters=11
# !!! RECENTERED !!! recenters=12
TRACK MOVING  rate=219 Hz  drift=  +0.00 deg/min  peak=  165.4/2048 dps  cursor=974,0  ray_az/el=+1.1/+12.9deg hit_mm=+50.3,+113.4
TRACK MOVING  rate=219 Hz  drift=  +0.00 deg/min  peak=  165.4/2048 dps  cursor=1255,150  ray_az/el=+7.2/+8.0deg hit_mm=+103.5,+69.9
TRACK MOVING  rate=219 Hz  drift=  +0.00 deg/min  peak=  165.4/2048 dps  cursor=472,107  ray_az/el=-11.4/+7.4deg hit_mm=-58.3,+66.0
# !!! RECENTERED !!! recenters=13
TRACK MOVING  rate=218 Hz  drift=  +0.00 deg/min  peak=  165.4/2048 dps  cursor=1117,545  ray_az/el=+2.8/-2.0deg hit_mm=+65.4,-17.4
# !!! RECENTERED !!! recenters=14
# !!! RECENTERED !!! recenters=15
TRACK MOVING  rate=218 Hz  drift=  +0.00 deg/min  peak=  113.5/2048 dps  cursor=925,457  ray_az/el=-1.4/+1.1deg hit_mm=+28.7,+9.9
# !!! RECENTERED !!! recenters=16
# !!! RECENTERED !!! recenters=17
# !!! RECENTERED !!! recenters=18
TRACK MOVING  rate=218 Hz  drift=  +0.00 deg/min  peak=  113.5/2048 dps  cursor=961,215  ray_az/el=-0.0/+6.0deg hit_mm=+40.7,+51.9
# !!! RECENTERED !!! recenters=19
# !!! RECENTERED !!! recenters=20
# !!! RECENTERED !!! recenters=21
TRACK MOVING  rate=218 Hz  drift=  +0.00 deg/min  peak=  115.0/2048 dps  cursor=966,200  ray_az/el=+0.4/+6.2deg hit_mm=+44.9,+53.5
# !!! RECENTERED !!! recenters=22
# !!! RECENTERED !!! recenters=23
TRACK MOVING  rate=218 Hz  drift=  +0.00 deg/min  peak=  115.0/2048 dps  cursor=939,324  ray_az/el=-0.6/+4.5deg hit_mm=+36.3,+38.8
# !!! RECENTERED !!! recenters=24
# !!! RECENTERED !!! recenters=25
TRACK MOVING  rate=218 Hz  drift=  +0.00 deg/min  peak=  431.6/2048 dps  cursor=910,1  ray_az/el=-2.0/+20.2deg hit_mm=+23.4,+182.5
TRACK MOVING  rate=218 Hz  drift=  +0.00 deg/min  peak=  431.6/2048 dps  cursor=1510,0  ray_az/el=+21.4/+16.9deg hit_mm=+235.5,+162.1
TRACK MOVING  rate=218 Hz  drift=  +0.00 deg/min  peak=  431.6/2048 dps  cursor=0,26  ray_az/el=-23.7/+13.2deg hit_mm=-176.2,+127.3
TRACK MOVING  rate=218 Hz  drift=  +0.00 deg/min  peak=  502.8/2048 dps  cursor=0,1  ray_az/el=-40.5/+33.1deg hit_mm=-381.7,+424.4
TRACK MOVING  rate=218 Hz  drift=  +0.00 deg/min  peak=  502.8/2048 dps  cursor=0,0  ray_az/el=-62.9/+57.4deg hit_mm=-927.2,+1699.7
# !!! RECENTERED !!! recenters=26
TRACK MOVING  rate=218 Hz  drift=  +0.00 deg/min  peak=  502.8/2048 dps  cursor=967,0  ray_az/el=+0.9/+56.0deg hit_mm=+48.6,+733.7
TRACK MOVING  rate=218 Hz  drift=  +0.00 deg/min  peak=  502.8/2048 dps  cursor=1510,0  ray_az/el=+25.1/+45.1deg hit_mm=+272.8,+548.5
TRACK MOVING  rate=218 Hz  drift=  +0.00 deg/min  peak=  259.1/2048 dps  cursor=1510,0  ray_az/el=+28.8/+26.2deg hit_mm=+313.0,+277.8
TRACK MOVING  rate=218 Hz  drift=  +0.00 deg/min  peak=  223.9/2048 dps  cursor=1510,184  ray_az/el=+14.9/+6.3deg hit_mm=+172.6,+56.8
TRACK MOVING  rate=218 Hz  drift=  +0.00 deg/min  peak=  240.4/2048 dps  cursor=1510,1  ray_az/el=+17.6/+21.9deg hit_mm=+198.7,+208.8
TRACK MOVING  rate=218 Hz  drift=  +0.00 deg/min  peak=  240.4/2048 dps  cursor=1510,1  ray_az/el=+16.5/+17.6deg hit_mm=+188.0,+163.6
TRACK MOVING  rate=218 Hz  drift=  +0.00 deg/min  peak=  240.4/2048 dps  cursor=1504,1  ray_az/el=+12.6/+18.1deg hit_mm=+151.5,+165.6
# !!! RECENTERED !!! recenters=27
TRACK MOVING  rate=218 Hz  drift=  +0.00 deg/min  peak=  512.2/2048 dps  cursor=0,468  ray_az/el=-34.9/-0.3deg hit_mm=-304.7,-2.8
TRACK MOVING  rate=219 Hz  drift=  +0.00 deg/min  peak=  512.2/2048 dps  cursor=1294,1  ray_az/el=+8.1/+39.6deg hit_mm=+111.7,+413.1
TRACK MOVING  rate=219 Hz  drift=  +0.00 deg/min  peak=  512.2/2048 dps  cursor=1057,142  ray_az/el=+1.1/+6.0deg hit_mm=+50.2,+51.9
TRACK MOVING  rate=219 Hz  drift=  +0.00 deg/min  peak=  512.2/2048 dps  cursor=465,190  ray_az/el=-10.6/+7.0deg hit_mm=-51.4,+61.6
TRACK MOVING  rate=219 Hz  drift=  +0.00 deg/min  peak=  288.8/2048 dps  cursor=1156,92  ray_az/el=+4.6/+8.1deg hit_mm=+80.6,+70.9
TRACK MOVING  rate=219 Hz  drift=  +0.00 deg/min  peak=  288.8/2048 dps  cursor=892,523  ray_az/el=-2.2/-1.1deg hit_mm=+21.8,-9.3
TRACK MOVING  rate=219 Hz  drift=  +0.00 deg/min  peak=  288.8/2048 dps  cursor=1197,579  ray_az/el=+6.1/-2.6deg hit_mm=+94.4,-22.9
TRACK MOVING  rate=219 Hz  drift=  +0.00 deg/min  peak=  129.3/2048 dps  cursor=1163,522  ray_az/el=+5.3/-1.3deg hit_mm=+87.2,-11.5
TRACK MOVING  rate=219 Hz  drift=  +0.00 deg/min  peak=  129.3/2048 dps  cursor=1404,746  ray_az/el=+9.9/-6.6deg hit_mm=+127.7,-58.0
TRACK MOVING  rate=219 Hz  drift=  +0.00 deg/min  peak=  129.3/2048 dps  cursor=1357,980  ray_az/el=+8.7/-13.4deg hit_mm=+116.5,-119.7
TRACK MOVING  rate=219 Hz  drift=  +0.00 deg/min  peak=  129.3/2048 dps  cursor=1190,912  ray_az/el=+4.7/-9.6deg hit_mm=+81.9,-84.1
TRACK MOVING  rate=219 Hz  drift=  +0.00 deg/min  peak=  135.4/2048 dps  cursor=981,792  ray_az/el=+0.1/-6.7deg hit_mm=+41.9,-58.0
TRACK MOVING  rate=219 Hz  drift=  +0.00 deg/min  peak=  135.4/2048 dps  cursor=749,669  ray_az/el=-5.4/-3.3deg hit_mm=-5.5,-28.7
TRACK MOVING  rate=219 Hz  drift=  +0.00 deg/min  peak=  186.0/2048 dps  cursor=1125,365  ray_az/el=+4.4/+2.4deg hit_mm=+79.2,+20.7
TRACK MOVING  rate=219 Hz  drift=  +0.00 deg/min  peak=  188.6/2048 dps  cursor=1108,835  ray_az/el=+2.7/-7.1deg hit_mm=+64.0,-61.8
TRACK MOVING  rate=219 Hz  drift=  +0.00 deg/min  peak=  272.0/2048 dps  cursor=699,957  ray_az/el=-6.6/-9.4deg hit_mm=-15.9,-82.9
TRACK MOVING  rate=219 Hz  drift=  +0.00 deg/min  peak=  272.0/2048 dps  cursor=536,461  ray_az/el=-8.6/+0.4deg hit_mm=-33.7,+3.8
TRACK MOVING  rate=219 Hz  drift=  +0.00 deg/min  peak=  272.0/2048 dps  cursor=1510,863  ray_az/el=+16.8/-8.5deg hit_mm=+190.5,-76.9
TRACK MOVING  rate=219 Hz  drift=  +0.00 deg/min  peak=  272.0/2048 dps  cursor=555,676  ray_az/el=-9.6/-4.0deg hit_mm=-42.5,-35.4
TRACK MOVING  rate=218 Hz  drift=  +0.00 deg/min  peak=  219.8/2048 dps  cursor=467,563  ray_az/el=-9.9/-1.9deg hit_mm=-45.1,-17.0
TRACK MOVING  rate=218 Hz  drift=  +0.00 deg/min  peak=   95.8/2048 dps  cursor=1510,545  ray_az/el=+19.4/-1.4deg hit_mm=+215.9,-12.5
TRACK MOVING  rate=218 Hz  drift=  +0.00 deg/min  peak=   95.8/2048 dps  cursor=839,945  ray_az/el=-3.2/-10.4deg hit_mm=+13.5,-91.4
TRACK MOVING  rate=218 Hz  drift=  +0.00 deg/min  peak=  111.4/2048 dps  cursor=0,949  ray_az/el=-25.5/-8.8deg hit_mm=-194.9,-85.2
TRACK MOVING  rate=218 Hz  drift=  +0.00 deg/min  peak=  111.4/2048 dps  cursor=1174,472  ray_az/el=+5.3/+0.6deg hit_mm=+86.9,+5.3
TRACK MOVING  rate=218 Hz  drift=  +0.00 deg/min  peak=  111.4/2048 dps  cursor=962,651  ray_az/el=+0.0/-3.9deg hit_mm=+41.5,-33.4
TRACK MOVING  rate=218 Hz  drift=  +0.00 deg/min  peak=  146.9/2048 dps  cursor=1510,741  ray_az/el=+16.3/-5.7deg hit_mm=+185.7,-51.4
TRACK MOVING  rate=218 Hz  drift=  +0.00 deg/min  peak=  146.9/2048 dps  cursor=603,893  ray_az/el=-8.8/-9.6deg hit_mm=-35.2,-84.9
TRACK MOVING  rate=218 Hz  drift=  +0.00 deg/min  peak=  146.9/2048 dps  cursor=0,980  ray_az/el=-22.1/-13.1deg hit_mm=-159.8,-124.1
TRACK MOVING  rate=218 Hz  drift=  +0.00 deg/min  peak=  146.9/2048 dps  cursor=1505,841  ray_az/el=+12.9/-8.5deg hit_mm=+155.0,-75.9
TRACK MOVING  rate=218 Hz  drift=  +0.00 deg/min  peak=  115.2/2048 dps  cursor=1001,873  ray_az/el=+0.4/-8.6deg hit_mm=+44.6,-75.2
TRACK MOVING  rate=218 Hz  drift=  +0.00 deg/min  peak=  114.6/2048 dps  cursor=210,835  ray_az/el=-17.2/-7.5deg hit_mm=-111.7,-68.3
TRACK MOVING  rate=218 Hz  drift=  +0.00 deg/min  peak=  114.6/2048 dps  cursor=724,747  ray_az/el=-4.8/-5.8deg hit_mm=-0.1,-50.8
TRACK MOVING  rate=218 Hz  drift=  +0.00 deg/min  peak=  114.6/2048 dps  cursor=1383,766  ray_az/el=+8.9/-6.3deg hit_mm=+118.6,-55.2
TRACK MOVING  rate=218 Hz  drift=  +0.00 deg/min  peak=   79.5/2048 dps  cursor=1510,943  ray_az/el=+16.3/-10.2deg hit_mm=+186.0,-92.7
TRACK MOVING  rate=218 Hz  drift=  +0.00 deg/min  peak=  113.6/2048 dps  cursor=784,517  ray_az/el=-4.2/-0.2deg hit_mm=+4.4,-1.4
TRACK MOVING  rate=218 Hz  drift=  +0.00 deg/min  peak=  113.6/2048 dps  cursor=652,1  ray_az/el=-5.5/+10.9deg hit_mm=-6.5,+95.8
TRACK MOVING  rate=219 Hz  drift=  +0.00 deg/min  peak=  140.5/2048 dps  cursor=987,721  ray_az/el=-1.3/-5.3deg hit_mm=+29.7,-46.2
TRACK MOVING  rate=219 Hz  drift=  +0.00 deg/min  peak=  140.5/2048 dps  cursor=476,852  ray_az/el=-11.2/-7.3deg hit_mm=-57.1,-65.1
TRACK MOVING  rate=219 Hz  drift=  +0.00 deg/min  peak=  140.5/2048 dps  cursor=1056,980  ray_az/el=+1.6/-18.7deg hit_mm=+54.8,-167.6
TRACK MOVING  rate=219 Hz  drift=  +0.00 deg/min  peak=  140.5/2048 dps  cursor=520,780  ray_az/el=-9.9/-6.0deg hit_mm=-45.3,-52.7
TRACK MOVING  rate=219 Hz  drift=  +0.00 deg/min  peak=  133.0/2048 dps  cursor=594,972  ray_az/el=-7.8/-12.4deg hit_mm=-27.0,-109.8
# !!! RECENTERED !!! recenters=28
TRACK MOVING  rate=219 Hz  drift=  +0.00 deg/min  peak=  401.8/2048 dps  cursor=1510,981  ray_az/el=+62.5/-30.6deg hit_mm=+991.9,-634.2
TRACK MOVING  rate=219 Hz  drift=  +0.00 deg/min  peak=  835.9/2048 dps  cursor=no intersection  ray_az/el=+94.1/-16.3deg hit_mm=none
TRACK MOVING  rate=219 Hz  drift=  +0.00 deg/min  peak=  835.9/2048 dps  cursor=1511,981  ray_az/el=+35.4/-26.8deg hit_mm=+392.6,-306.2
TRACK MOVING  rate=219 Hz  drift=  +0.00 deg/min  peak=  835.9/2048 dps  cursor=1511,981  ray_az/el=+31.0/-25.2deg hit_mm=+338.4,-272.1
TRACK MOVING  rate=219 Hz  drift=  +0.00 deg/min  peak=  835.9/2048 dps  cursor=1511,981  ray_az/el=+30.5/-23.7deg hit_mm=+332.3,-252.6
# !!! RECENTERED !!! recenters=29
# !!! RECENTERED !!! recenters=30
# !!! RECENTERED !!! recenters=31
TRACK MOVING  rate=219 Hz  drift=  +0.00 deg/min  peak=  413.0/2048 dps  cursor=965,981  ray_az/el=+0.2/-23.6deg hit_mm=+43.1,-216.7
TRACK MOVING  rate=219 Hz  drift=  +0.00 deg/min  peak=   46.8/2048 dps  cursor=988,981  ray_az/el=+0.8/-23.6deg hit_mm=+47.8,-216.9
TRACK MOVING  rate=219 Hz  drift=  +0.00 deg/min  peak=   33.8/2048 dps  cursor=1023,981  ray_az/el=+1.6/-23.7deg hit_mm=+55.0,-217.4
TRACK MOVING  rate=219 Hz  drift=  +0.00 deg/min  peak=   12.8/2048 dps  cursor=1063,981  ray_az/el=+2.5/-23.5deg hit_mm=+62.9,-215.7
TRACK MOVING  rate=219 Hz  drift=  +0.00 deg/min  peak=   12.8/2048 dps  cursor=1086,981  ray_az/el=+2.4/-23.3deg hit_mm=+62.2,-213.6
# !!! RECENTERED !!! recenters=32
TRACK MOVING  rate=219 Hz  drift=  +0.00 deg/min  peak=    8.5/2048 dps  cursor=906,981  ray_az/el=-1.7/-22.6deg hit_mm=+26.4,-206.7
TRACK MOVING  rate=219 Hz  drift=  +0.00 deg/min  peak=   94.7/2048 dps  cursor=786,981  ray_az/el=-5.6/-27.2deg hit_mm=-7.4,-255.7
TRACK MOVING  rate=218 Hz  drift=  +0.00 deg/min  peak=  139.5/2048 dps  cursor=4,981  ray_az/el=-21.9/-23.6deg hit_mm=-158.4,-233.8
TRACK MOVING  rate=218 Hz  drift=  +0.00 deg/min  peak=  287.1/2048 dps  cursor=23,981  ray_az/el=-23.8/-13.1deg hit_mm=-177.0,-125.6
TRACK MOVING  rate=218 Hz  drift=  +0.00 deg/min  peak=  287.1/2048 dps  cursor=0,697  ray_az/el=-26.1/-4.1deg hit_mm=-201.0,-39.8
TRACK MOVING  rate=218 Hz  drift=  +0.00 deg/min  peak=  287.1/2048 dps  cursor=0,690  ray_az/el=-29.0/-3.4deg hit_mm=-233.3,-34.0
TRACK MOVING  rate=218 Hz  drift=  +0.00 deg/min  peak=  287.1/2048 dps  cursor=0,46  ray_az/el=-48.0/+7.4deg hit_mm=-509.5,+96.0
TRACK MOVING  rate=218 Hz  drift=  +0.00 deg/min  peak=  274.7/2048 dps  cursor=0,335  ray_az/el=-37.3/+1.7deg hit_mm=-335.5,+18.1
TRACK MOVING  rate=218 Hz  drift=  +0.00 deg/min  peak=  274.7/2048 dps  cursor=8,329  ray_az/el=-31.0/+3.1deg hit_mm=-256.1,+30.9
TRACK MOVING  rate=218 Hz  drift=  +0.00 deg/min  peak=  176.9/2048 dps  cursor=0,383  ray_az/el=-26.0/+1.0deg hit_mm=-200.6,+9.8
TRACK MOVING  rate=218 Hz  drift=  +0.00 deg/min  peak=  176.9/2048 dps  cursor=3,51  ray_az/el=-28.4/+9.3deg hit_mm=-226.6,+92.1
TRACK MOVING  rate=218 Hz  drift=  +0.00 deg/min  peak=  169.4/2048 dps  cursor=516,277  ray_az/el=-9.5/+4.1deg hit_mm=-42.1,+35.9
TRACK MOVING  rate=218 Hz  drift=  +0.00 deg/min  peak=  124.0/2048 dps  cursor=1448,791  ray_az/el=+11.2/-6.6deg hit_mm=+139.6,-58.6
TRACK MOVING  rate=218 Hz  drift=  +0.00 deg/min  peak=  111.9/2048 dps  cursor=1006,661  ray_az/el=-0.2/-3.2deg hit_mm=+39.8,-27.7
TRACK MOVING  rate=218 Hz  drift=  +0.00 deg/min  peak=  111.9/2048 dps  cursor=1,256  ray_az/el=-22.9/+5.2deg hit_mm=-168.1,+48.7
TRACK MOVING  rate=218 Hz  drift=  +0.00 deg/min  peak=  111.9/2048 dps  cursor=1051,719  ray_az/el=+1.8/-4.4deg hit_mm=+56.6,-38.0
TRACK MOVING  rate=218 Hz  drift=  +0.00 deg/min  peak=  115.8/2048 dps  cursor=291,242  ray_az/el=-12.7/+4.5deg hit_mm=-70.7,+39.6
TRACK MOVING  rate=218 Hz  drift=  +0.00 deg/min  peak=  150.9/2048 dps  cursor=817,361  ray_az/el=-4.7/+4.0deg hit_mm=+0.0,+34.5
TRACK MOVING  rate=219 Hz  drift=  +0.00 deg/min  peak=  163.8/2048 dps  cursor=1314,520  ray_az/el=+6.7/+1.5deg hit_mm=+99.4,+13.5
TRACK MOVING  rate=219 Hz  drift=  +0.00 deg/min  peak=  203.1/2048 dps  cursor=1426,548  ray_az/el=+11.0/-1.7deg hit_mm=+137.4,-15.2
TRACK MOVING  rate=219 Hz  drift=  +0.00 deg/min  peak=  203.1/2048 dps  cursor=879,147  ray_az/el=+1.5/+5.5deg hit_mm=+54.0,+47.6
TRACK MOVING  rate=219 Hz  drift=  +0.00 deg/min  peak=  203.1/2048 dps  cursor=1220,978  ray_az/el=+4.3/-17.2deg hit_mm=+78.3,-153.7
TRACK MOVING  rate=219 Hz  drift=  +0.00 deg/min  peak=  203.1/2048 dps  cursor=885,965  ray_az/el=-2.7/-9.6deg hit_mm=+17.9,-84.2
TRACK MOVING  rate=219 Hz  drift=  +0.00 deg/min  peak=  169.7/2048 dps  cursor=1135,555  ray_az/el=+2.8/-3.3deg hit_mm=+65.0,-29.0
TRACK MOVING  rate=219 Hz  drift=  +0.00 deg/min  peak=  169.7/2048 dps  cursor=1089,687  ray_az/el=+3.6/-4.0deg hit_mm=+72.6,-34.7
TRACK MOVING  rate=219 Hz  drift=  +0.00 deg/min  peak=  175.6/2048 dps  cursor=1510,538  ray_az/el=+16.1/-2.6deg hit_mm=+183.9,-23.3
TRACK MOVING  rate=219 Hz  drift=  +0.00 deg/min  peak=  190.1/2048 dps  cursor=495,980  ray_az/el=-10.5/-28.8deg hit_mm=-50.4,-277.2
TRACK MOVING  rate=219 Hz  drift=  +0.00 deg/min  peak=  290.7/2048 dps  cursor=1092,977  ray_az/el=+2.3/-16.9deg hit_mm=+61.2,-150.8
TRACK MOVING  rate=219 Hz  drift=  +0.00 deg/min  peak=  290.7/2048 dps  cursor=372,980  ray_az/el=-13.4/-31.4deg hit_mm=-76.5,-310.3
TRACK MOVING  rate=219 Hz  drift=  +0.00 deg/min  peak=  290.7/2048 dps  cursor=542,980  ray_az/el=-9.8/-24.1deg hit_mm=-44.7,-225.2
# !!! RECENTERED !!! recenters=33
TRACK MOVING  rate=219 Hz  drift=  +0.00 deg/min  peak=  290.7/2048 dps  cursor=944,981  ray_az/el=-0.4/-23.5deg hit_mm=+37.9,-215.0
TRACK MOVING  rate=219 Hz  drift=  +0.00 deg/min  peak=  209.0/2048 dps  cursor=342,981  ray_az/el=-14.7/-15.9deg hit_mm=-89.2,-145.7
TRACK MOVING  rate=219 Hz  drift=  +0.00 deg/min  peak=  112.6/2048 dps  cursor=0,803  ray_az/el=-24.7/-6.9deg hit_mm=-186.7,-66.2
TRACK MOVING  rate=219 Hz  drift=  +0.00 deg/min  peak=  211.4/2048 dps  cursor=480,979  ray_az/el=-9.9/-35.0deg hit_mm=-44.9,-352.1
TRACK MOVING  rate=218 Hz  drift=  +0.00 deg/min  peak=  332.1/2048 dps  cursor=1046,980  ray_az/el=+1.3/-29.5deg hit_mm=+52.7,-280.7
TRACK MOVING  rate=218 Hz  drift=  +0.00 deg/min  peak=  332.1/2048 dps  cursor=540,980  ray_az/el=-10.3/-17.4deg hit_mm=-49.0,-157.7
TRACK MOVING  rate=218 Hz  drift=  +0.00 deg/min  peak=  332.1/2048 dps  cursor=0,1  ray_az/el=-38.7/+11.4deg hit_mm=-355.2,+128.1
TRACK MOVING  rate=218 Hz  drift=  +0.00 deg/min  peak=  332.1/2048 dps  cursor=262,83  ray_az/el=-15.4/+9.9deg hit_mm=-94.9,+90.0
TRACK MOVING  rate=218 Hz  drift=  +0.00 deg/min  peak=  219.0/2048 dps  cursor=443,251  ray_az/el=-12.5/+4.7deg hit_mm=-68.8,+41.4
TRACK MOVING  rate=218 Hz  drift=  +0.00 deg/min  peak=  219.0/2048 dps  cursor=571,665  ray_az/el=-8.5/-4.1deg hit_mm=-32.9,-36.1
TRACK MOVING  rate=218 Hz  drift=  +0.00 deg/min  peak=  124.5/2048 dps  cursor=403,689  ray_az/el=-12.2/-5.4deg hit_mm=-66.4,-48.1
TRACK MOVING  rate=218 Hz  drift=  +0.00 deg/min  peak=   73.0/2048 dps  cursor=525,585  ray_az/el=-9.2/-3.5deg hit_mm=-39.3,-30.6
TRACK MOVING  rate=218 Hz  drift=  +0.00 deg/min  peak=   73.0/2048 dps  cursor=555,500  ray_az/el=-9.8/+0.3deg hit_mm=-44.4,+3.0
TRACK MOVING  rate=218 Hz  drift=  +0.00 deg/min  peak=  110.2/2048 dps  cursor=972,778  ray_az/el=-2.4/-4.2deg hit_mm=+20.7,-36.0
TRACK MOVING  rate=218 Hz  drift=  +0.00 deg/min  peak=  115.1/2048 dps  cursor=469,404  ray_az/el=-10.6/+1.4deg hit_mm=-51.6,+11.9
TRACK MOVING  rate=218 Hz  drift=  +0.00 deg/min  peak=  115.1/2048 dps  cursor=541,472  ray_az/el=-9.7/+0.6deg hit_mm=-43.9,+5.3
TRACK MOVING  rate=218 Hz  drift=  +0.00 deg/min  peak=  115.1/2048 dps  cursor=529,477  ray_az/el=-9.9/+0.3deg hit_mm=-45.1,+2.8
TRACK MOVING  rate=218 Hz  drift=  +0.00 deg/min  peak=  115.1/2048 dps  cursor=529,488  ray_az/el=-9.9/-0.1deg hit_mm=-44.9,-0.8
TRACK MOVING  rate=218 Hz  drift=  +0.00 deg/min  peak=   17.6/2048 dps  cursor=531,497  ray_az/el=-9.8/+0.1deg hit_mm=-44.4,+0.5
TRACK MOVING  rate=219 Hz  drift=  +0.00 deg/min  peak=   17.4/2048 dps  cursor=519,482  ray_az/el=-10.1/+0.2deg hit_mm=-47.5,+2.0
TRACK MOVING  rate=219 Hz  drift=  +0.00 deg/min  peak=   17.4/2048 dps  cursor=509,461  ray_az/el=-10.4/+0.9deg hit_mm=-49.6,+7.5
TRACK MOVING  rate=219 Hz  drift=  +0.00 deg/min  peak=   17.4/2048 dps  cursor=512,469  ray_az/el=-10.2/+0.5deg hit_mm=-47.7,+4.0
TRACK MOVING  rate=219 Hz  drift=  +0.00 deg/min  peak=   17.4/2048 dps  cursor=513,474  ray_az/el=-10.4/+0.7deg hit_mm=-49.6,+6.1
TRACK MOVING  rate=219 Hz  drift=  +0.00 deg/min  peak=   39.8/2048 dps  cursor=669,694  ray_az/el=-6.1/-5.4deg hit_mm=-11.8,-46.7
TRACK MOVING  rate=219 Hz  drift=  +0.00 deg/min  peak=   52.3/2048 dps  cursor=1137,979  ray_az/el=+4.6/-12.9deg hit_mm=+81.0,-113.4
TRACK MOVING  rate=219 Hz  drift=  +0.00 deg/min  peak=  117.6/2048 dps  cursor=698,980  ray_az/el=-6.4/-14.0deg hit_mm=-14.6,-124.2
TRACK MOVING  rate=219 Hz  drift=  +0.00 deg/min  peak=  117.6/2048 dps  cursor=5,980  ray_az/el=-21.5/-12.4deg hit_mm=-153.8,-116.8
TRACK MOVING  rate=219 Hz  drift=  +0.00 deg/min  peak=  188.8/2048 dps  cursor=0,980  ray_az/el=-43.9/-23.3deg hit_mm=-435.9,-295.6
TRACK MOVING  rate=219 Hz  drift=  +0.00 deg/min  peak=  355.2/2048 dps  cursor=1510,980  ray_az/el=+27.6/-44.8deg hit_mm=+300.2,-555.7
# !!! RECENTERED !!! recenters=34
TRACK MOVING  rate=219 Hz  drift=  +0.00 deg/min  peak=  355.2/2048 dps  cursor=946,981  ray_az/el=-0.4/-28.7deg hit_mm=+37.3,-271.7
# !!! RECENTERED !!! recenters=35
# !!! RECENTERED !!! recenters=36
# !!! RECENTERED !!! recenters=37
TRACK MOVING  rate=219 Hz  drift=  +0.00 deg/min  peak=  355.2/2048 dps  cursor=965,981  ray_az/el=+0.4/-28.4deg hit_mm=+44.5,-268.3
TRACK MOVING  rate=219 Hz  drift=  +0.00 deg/min  peak=  355.2/2048 dps  cursor=45,793  ray_az/el=-19.4/-7.6deg hit_mm=-133.2,-69.9
TRACK MOVING  rate=219 Hz  drift=  +0.00 deg/min  peak=  300.5/2048 dps  cursor=716,771  ray_az/el=-5.7/-7.4deg hit_mm=-8.7,-64.5
TRACK MOVING  rate=219 Hz  drift=  +0.00 deg/min  peak=  250.9/2048 dps  cursor=751,869  ray_az/el=-5.3/-8.3deg hit_mm=-4.4,-72.2
TRACK MOVING  rate=218 Hz  drift=  +0.00 deg/min  peak=  250.9/2048 dps  cursor=768,835  ray_az/el=-4.3/-7.8deg hit_mm=+4.2,-67.7
TRACK MOVING  rate=218 Hz  drift=  +0.00 deg/min  peak=   93.8/2048 dps  cursor=787,838  ray_az/el=-4.0/-7.9deg hit_mm=+6.7,-69.1
TRACK MOVING  rate=218 Hz  drift=  +0.00 deg/min  peak=   35.1/2048 dps  cursor=771,813  ray_az/el=-4.4/-7.3deg hit_mm=+3.0,-63.4
TRACK MOVING  rate=218 Hz  drift=  +0.00 deg/min  peak=   13.9/2048 dps  cursor=767,799  ray_az/el=-4.6/-6.8deg hit_mm=+1.0,-59.5
TRACK MOVING  rate=218 Hz  drift=  +0.00 deg/min  peak=   13.9/2048 dps  cursor=777,786  ray_az/el=-4.2/-6.9deg hit_mm=+4.8,-60.0
TRACK MOVING  rate=218 Hz  drift=  +0.00 deg/min  peak=   13.9/2048 dps  cursor=775,780  ray_az/el=-4.4/-6.5deg hit_mm=+2.9,-56.5
TRACK MOVING  rate=218 Hz  drift=  +0.00 deg/min  peak=   13.9/2048 dps  cursor=738,734  ray_az/el=-5.5/-5.1deg hit_mm=-6.5,-44.6
TRACK MOVING  rate=218 Hz  drift=  +0.00 deg/min  peak=   12.7/2048 dps  cursor=635,635  ray_az/el=-7.8/-3.0deg hit_mm=-26.4,-26.0
TRACK MOVING  rate=218 Hz  drift=  +0.00 deg/min  peak=   13.1/2048 dps  cursor=562,539  ray_az/el=-9.5/-0.8deg hit_mm=-41.4,-6.8
TRACK MOVING  rate=218 Hz  drift=  +0.00 deg/min  peak=   13.1/2048 dps  cursor=489,471  ray_az/el=-11.0/+0.7deg hit_mm=-54.9,+5.8
TRACK MOVING  rate=219 Hz  drift=  +0.00 deg/min  peak=   14.1/2048 dps  cursor=446,416  ray_az/el=-11.9/+2.0deg hit_mm=-63.6,+18.1
TRACK MOVING  rate=219 Hz  drift=  +0.00 deg/min  peak=   14.1/2048 dps  cursor=412,363  ray_az/el=-12.6/+3.0deg hit_mm=-69.4,+26.6
TRACK MOVING  rate=219 Hz  drift=  +0.00 deg/min  peak=   14.1/2048 dps  cursor=379,339  ray_az/el=-13.4/+3.6deg hit_mm=-76.5,+31.6
TRACK MOVING  rate=219 Hz  drift=  +0.00 deg/min  peak=   14.5/2048 dps  cursor=347,293  ray_az/el=-14.0/+4.6deg hit_mm=-82.2,+40.9
TRACK MOVING  rate=219 Hz  drift=  +0.00 deg/min  peak=   14.5/2048 dps  cursor=329,273  ray_az/el=-14.4/+5.0deg hit_mm=-85.7,+44.9
TRACK MOVING  rate=219 Hz  drift=  +0.00 deg/min  peak=   14.5/2048 dps  cursor=312,254  ray_az/el=-14.8/+5.4deg hit_mm=-89.4,+48.3
TRACK MOVING  rate=219 Hz  drift=  +0.00 deg/min  peak=   14.5/2048 dps  cursor=315,249  ray_az/el=-14.5/+5.4deg hit_mm=-87.2,+48.3
TRACK MOVING  rate=219 Hz  drift=  +0.00 deg/min  peak=   12.4/2048 dps  cursor=317,244  ray_az/el=-14.7/+5.7deg hit_mm=-88.8,+50.9
TRACK MOVING  rate=219 Hz  drift=  +0.00 deg/min  peak=   12.4/2048 dps  cursor=328,247  ray_az/el=-14.4/+5.5deg hit_mm=-85.8,+49.2
TRACK MOVING  rate=219 Hz  drift=  +0.00 deg/min  peak=   12.4/2048 dps  cursor=316,237  ray_az/el=-14.6/+5.7deg hit_mm=-88.2,+51.1
TRACK MOVING  rate=219 Hz  drift=  +0.00 deg/min  peak=   12.4/2048 dps  cursor=316,233  ray_az/el=-14.5/+5.7deg hit_mm=-86.5,+51.2
TRACK MOVING  rate=219 Hz  drift=  +0.00 deg/min  peak=   12.1/2048 dps  cursor=321,221  ray_az/el=-14.5/+6.1deg hit_mm=-86.6,+54.3
TRACK MOVING  rate=219 Hz  drift=  +0.00 deg/min  peak=   12.4/2048 dps  cursor=301,222  ray_az/el=-15.1/+6.0deg hit_mm=-92.6,+53.8
TRACK MOVING  rate=219 Hz  drift=  +0.00 deg/min  peak=   12.4/2048 dps  cursor=291,227  ray_az/el=-15.1/+6.0deg hit_mm=-92.7,+53.6
TRACK MOVING  rate=219 Hz  drift=  +0.00 deg/min  peak=   12.4/2048 dps  cursor=300,216  ray_az/el=-14.8/+6.1deg hit_mm=-89.9,+55.0
TRACK MOVING  rate=219 Hz  drift=  +0.00 deg/min  peak=   12.4/2048 dps  cursor=292,204  ray_az/el=-15.1/+6.3deg hit_mm=-92.4,+57.0
TRACK MOVING  rate=219 Hz  drift=  +0.00 deg/min  peak=   12.9/2048 dps  cursor=290,193  ray_az/el=-15.0/+6.5deg hit_mm=-91.7,+58.5
TRACK MOVING  rate=219 Hz  drift=  +0.00 deg/min  peak=   12.9/2048 dps  cursor=322,200  ray_az/el=-14.4/+6.5deg hit_mm=-85.9,+58.5
TRACK MOVING  rate=219 Hz  drift=  +0.00 deg/min  peak=   15.3/2048 dps  cursor=275,205  ray_az/el=-15.8/+6.0deg hit_mm=-98.8,+54.1
TRACK MOVING  rate=219 Hz  drift=  +0.00 deg/min  peak=   31.9/2048 dps  cursor=422,244  ray_az/el=-11.3/+5.2deg hit_mm=-58.2,+46.0
TRACK MOVING  rate=219 Hz  drift=  +0.00 deg/min  peak=   59.8/2048 dps  cursor=1168,562  ray_az/el=+3.8/-1.0deg hit_mm=+73.9,-8.5
TRACK MOVING  rate=219 Hz  drift=  +0.00 deg/min  peak=   88.3/2048 dps  cursor=233,10  ray_az/el=-16.7/+11.0deg hit_mm=-107.2,+100.7
TRACK MOVING  rate=219 Hz  drift=  +0.00 deg/min  peak=   88.3/2048 dps  cursor=1134,475  ray_az/el=+4.4/-0.1deg hit_mm=+79.4,-1.1
TRACK MOVING  rate=219 Hz  drift=  +0.00 deg/min  peak=   96.5/2048 dps  cursor=736,232  ray_az/el=-5.6/+6.3deg hit_mm=-7.0,+54.5
TRACK MOVING  rate=219 Hz  drift=  +0.00 deg/min  peak=   96.5/2048 dps  cursor=1285,660  ray_az/el=+7.4/-3.8deg hit_mm=+105.3,-33.5
TRACK MOVING  rate=219 Hz  drift=  +0.00 deg/min  peak=  112.2/2048 dps  cursor=525,1  ray_az/el=-9.4/+11.2deg hit_mm=-40.8,+99.0
TRACK MOVING  rate=219 Hz  drift=  +0.00 deg/min  peak=  112.2/2048 dps  cursor=1291,680  ray_az/el=+7.3/-4.2deg hit_mm=+104.8,-36.3
TRACK MOVING  rate=219 Hz  drift=  +0.00 deg/min  peak=  112.2/2048 dps  cursor=1035,460  ray_az/el=+1.5/-0.4deg hit_mm=+54.1,-3.4
TRACK MOVING  rate=219 Hz  drift=  +0.00 deg/min  peak=  112.2/2048 dps  cursor=949,534  ray_az/el=-0.2/-1.5deg hit_mm=+39.6,-12.7
# !!! RECENTERED !!! recenters=38
# !!! RECENTERED !!! recenters=39
# !!! RECENTERED !!! recenters=40
TRACK MOVING  rate=219 Hz  drift=  +0.00 deg/min  peak=  104.3/2048 dps  cursor=962,622  ray_az/el=+0.0/-3.1deg hit_mm=+41.3,-27.2
# !!! RECENTERED !!! recenters=41
TRACK MOVING  rate=219 Hz  drift=  +0.00 deg/min  peak=   77.6/2048 dps  cursor=867,979  ray_az/el=-2.8/-15.1deg hit_mm=+16.7,-133.7
TRACK MOVING  rate=219 Hz  drift=  +0.00 deg/min  peak=   77.6/2048 dps  cursor=504,683  ray_az/el=-10.8/-3.4deg hit_mm=-53.3,-30.0
TRACK MOVING  rate=219 Hz  drift=  +0.00 deg/min  peak=   77.6/2048 dps  cursor=474,413  ray_az/el=-11.5/+2.1deg hit_mm=-59.5,+18.6
TRACK MOVING  rate=219 Hz  drift=  +0.00 deg/min  peak=   77.6/2048 dps  cursor=770,516  ray_az/el=-4.0/-0.2deg hit_mm=+6.1,-1.8
TRACK MOVING  rate=219 Hz  drift=  +0.00 deg/min  peak=   77.6/2048 dps  cursor=1206,705  ray_az/el=+5.3/-4.3deg hit_mm=+87.2,-37.2
TRACK MOVING  rate=219 Hz  drift=  +0.00 deg/min  peak=   60.1/2048 dps  cursor=838,611  ray_az/el=-2.6/-3.2deg hit_mm=+18.3,-27.5
TRACK MOVING  rate=219 Hz  drift=  +0.00 deg/min  peak=   60.1/2048 dps  cursor=799,618  ray_az/el=-4.3/-2.4deg hit_mm=+3.6,-20.7
TRACK MOVING  rate=219 Hz  drift=  +0.00 deg/min  peak=   64.9/2048 dps  cursor=357,210  ray_az/el=-14.3/+6.9deg hit_mm=-84.9,+62.1
TRACK MOVING  rate=219 Hz  drift=  +0.00 deg/min  peak=  109.2/2048 dps  cursor=552,210  ray_az/el=-8.4/+5.5deg hit_mm=-31.9,+48.5
TRACK MOVING  rate=219 Hz  drift=  +0.00 deg/min  peak=  109.2/2048 dps  cursor=1118,591  ray_az/el=+4.0/-2.6deg hit_mm=+75.6,-22.4
TRACK MOVING  rate=219 Hz  drift=  +0.00 deg/min  peak=  151.8/2048 dps  cursor=1114,606  ray_az/el=+2.8/-1.6deg hit_mm=+65.5,-14.0
TRACK MOVING  rate=219 Hz  drift=  +0.00 deg/min  peak=  151.8/2048 dps  cursor=1261,767  ray_az/el=+7.5/-6.9deg hit_mm=+106.2,-60.5
TRACK MOVING  rate=219 Hz  drift=  +0.00 deg/min  peak=  151.8/2048 dps  cursor=1109,442  ray_az/el=+2.7/+1.9deg hit_mm=+64.1,+16.3
TRACK MOVING  rate=219 Hz  drift=  +0.00 deg/min  peak=  151.8/2048 dps  cursor=1078,491  ray_az/el=+3.4/-0.9deg hit_mm=+70.6,-8.0
TRACK MOVING  rate=219 Hz  drift=  +0.00 deg/min  peak=  112.4/2048 dps  cursor=979,740  ray_az/el=+0.1/-6.1deg hit_mm=+41.7,-52.7
TRACK MOVING  rate=219 Hz  drift=  +0.00 deg/min  peak=  112.4/2048 dps  cursor=662,766  ray_az/el=-7.1/-5.5deg hit_mm=-20.6,-47.8
# !!! RECENTERED !!! recenters=42
# !!! RECENTERED !!! recenters=43
TRACK MOVING  rate=219 Hz  drift=  +0.00 deg/min  peak=   64.1/2048 dps  cursor=962,670  ray_az/el=+0.0/-3.8deg hit_mm=+41.4,-33.3
# !!! RECENTERED !!! recenters=44
# !!! RECENTERED !!! recenters=45
TRACK MOVING  rate=219 Hz  drift=  +0.00 deg/min  peak=   37.2/2048 dps  cursor=906,675  ray_az/el=-1.5/-4.6deg hit_mm=+28.3,-40.2
TRACK MOVING  rate=219 Hz  drift=  +0.00 deg/min  peak=   37.2/2048 dps  cursor=979,831  ray_az/el=+0.7/-7.8deg hit_mm=+46.8,-67.6
TRACK MOVING  rate=219 Hz  drift=  +0.00 deg/min  peak=   63.9/2048 dps  cursor=907,533  ray_az/el=-1.6/-0.5deg hit_mm=+27.4,-4.6
TRACK MOVING  rate=219 Hz  drift=  +0.00 deg/min  peak=   63.9/2048 dps  cursor=820,262  ray_az/el=-3.4/+5.9deg hit_mm=+11.5,+51.2
TRACK MOVING  rate=219 Hz  drift=  +0.00 deg/min  peak=  130.0/2048 dps  cursor=878,197  ray_az/el=-2.1/+6.3deg hit_mm=+23.2,+54.7
TRACK MOVING  rate=219 Hz  drift=  +0.00 deg/min  peak=  146.6/2048 dps  cursor=831,323  ray_az/el=-3.9/+3.1deg hit_mm=+7.0,+27.1
TRACK MOVING  rate=219 Hz  drift=  +0.00 deg/min  peak=  146.6/2048 dps  cursor=696,523  ray_az/el=-6.7/-0.9deg hit_mm=-16.8,-7.8
TRACK MOVING  rate=219 Hz  drift=  +0.00 deg/min  peak=  200.9/2048 dps  cursor=648,1  ray_az/el=-6.3/+14.8deg hit_mm=-13.9,+131.8
TRACK MOVING  rate=219 Hz  drift=  +0.00 deg/min  peak=  215.6/2048 dps  cursor=637,1  ray_az/el=-5.0/+11.8deg hit_mm=-2.4,+103.7
TRACK MOVING  rate=219 Hz  drift=  +0.00 deg/min  peak=  233.4/2048 dps  cursor=852,0  ray_az/el=-2.5/+16.2deg hit_mm=+19.8,+144.0
# !!! RECENTERED !!! recenters=46
# !!! RECENTERED !!! recenters=47
TRACK MOVING  rate=219 Hz  drift=  +0.00 deg/min  peak=  233.4/2048 dps  cursor=1090,65  ray_az/el=+3.0/+7.6deg hit_mm=+67.5,+65.9
# !!! RECENTERED !!! recenters=48
TRACK MOVING  rate=219 Hz  drift=  +0.00 deg/min  peak=  233.4/2048 dps  cursor=836,534  ray_az/el=-2.3/-1.0deg hit_mm=+20.9,-9.0
TRACK MOVING  rate=219 Hz  drift=  +0.00 deg/min  peak=  233.4/2048 dps  cursor=1024,528  ray_az/el=+1.9/-1.1deg hit_mm=+57.8,-9.2
TRACK MOVING  rate=219 Hz  drift=  +0.00 deg/min  peak=  162.6/2048 dps  cursor=1051,584  ray_az/el=+1.7/-1.9deg hit_mm=+55.5,-16.7
TRACK MOVING  rate=219 Hz  drift=  +0.00 deg/min  peak=  162.6/2048 dps  cursor=1509,187  ray_az/el=+15.9/+6.4deg hit_mm=+182.0,+57.3
TRACK MOVING  rate=219 Hz  drift=  +0.00 deg/min  peak=   95.5/2048 dps  cursor=1010,227  ray_az/el=+0.4/+5.9deg hit_mm=+44.7,+51.5
TRACK MOVING  rate=219 Hz  drift=  +0.00 deg/min  peak=   95.5/2048 dps  cursor=422,142  ray_az/el=-12.5/+8.0deg hit_mm=-68.4,+71.4
TRACK MOVING  rate=219 Hz  drift=  +0.00 deg/min  peak=   95.5/2048 dps  cursor=5,235  ray_az/el=-21.4/+4.6deg hit_mm=-152.8,+42.5
TRACK MOVING  rate=219 Hz  drift=  +0.00 deg/min  peak=   53.3/2048 dps  cursor=664,423  ray_az/el=-6.2/+1.9deg hit_mm=-12.9,+16.7
TRACK MOVING  rate=219 Hz  drift=  +0.00 deg/min  peak=   53.3/2048 dps  cursor=1399,151  ray_az/el=+10.6/+8.2deg hit_mm=+133.5,+72.4
TRACK MOVING  rate=219 Hz  drift=  +0.00 deg/min  peak=   49.1/2048 dps  cursor=989,180  ray_az/el=+0.0/+6.6deg hit_mm=+41.1,+57.0
TRACK MOVING  rate=219 Hz  drift=  +0.00 deg/min  peak=   49.1/2048 dps  cursor=400,283  ray_az/el=-13.2/+4.2deg hit_mm=-74.7,+36.9
TRACK MOVING  rate=219 Hz  drift=  +0.00 deg/min  peak=   49.1/2048 dps  cursor=176,519  ray_az/el=-17.9/-0.9deg hit_mm=-118.8,-8.3
TRACK MOVING  rate=219 Hz  drift=  +0.00 deg/min  peak=   38.4/2048 dps  cursor=158,902  ray_az/el=-16.7/-8.5deg hit_mm=-107.8,-77.1
TRACK MOVING  rate=219 Hz  drift=  +0.00 deg/min  peak=   55.7/2048 dps  cursor=794,146  ray_az/el=-3.8/+8.3deg hit_mm=+8.5,+72.2
TRACK MOVING  rate=219 Hz  drift=  +0.00 deg/min  peak=   55.7/2048 dps  cursor=701,125  ray_az/el=-6.7/+7.6deg hit_mm=-16.6,+66.6
TRACK MOVING  rate=219 Hz  drift=  +0.00 deg/min  peak=   55.7/2048 dps  cursor=338,469  ray_az/el=-14.4/-0.1deg hit_mm=-86.2,-1.2
TRACK MOVING  rate=219 Hz  drift=  +0.00 deg/min  peak=   55.7/2048 dps  cursor=746,431  ray_az/el=-4.5/+2.2deg hit_mm=+2.0,+19.2
TRACK MOVING  rate=219 Hz  drift=  +0.00 deg/min  peak=   50.2/2048 dps  cursor=951,0  ray_az/el=-1.7/+15.4deg hit_mm=+26.5,+136.3
TRACK MOVING  rate=219 Hz  drift=  +0.00 deg/min  peak=   51.5/2048 dps  cursor=434,558  ray_az/el=-12.3/-2.0deg hit_mm=-67.2,-17.8
TRACK MOVING  rate=219 Hz  drift=  +0.00 deg/min  peak=   51.5/2048 dps  cursor=360,980  ray_az/el=-12.6/-13.5deg hit_mm=-69.4,-121.4
TRACK MOVING  rate=218 Hz  drift=  +0.00 deg/min  peak=   51.5/2048 dps  cursor=748,507  ray_az/el=-4.4/+0.3deg hit_mm=+3.3,+2.2
TRACK MOVING  rate=218 Hz  drift=  +0.00 deg/min  peak=   51.5/2048 dps  cursor=961,1  ray_az/el=-0.1/+12.8deg hit_mm=+40.1,+112.4
TRACK MOVING  rate=218 Hz  drift=  +0.00 deg/min  peak=   45.3/2048 dps  cursor=536,586  ray_az/el=-10.2/-2.5deg hit_mm=-48.0,-22.0
TRACK MOVING  rate=218 Hz  drift=  +0.00 deg/min  peak=   45.3/2048 dps  cursor=523,935  ray_az/el=-9.3/-8.9deg hit_mm=-39.8,-78.9
TRACK MOVING  rate=218 Hz  drift=  +0.00 deg/min  peak=   51.0/2048 dps  cursor=1017,26  ray_az/el=+1.8/+11.1deg hit_mm=+56.5,+96.8
TRACK MOVING  rate=218 Hz  drift=  +0.00 deg/min  peak=   51.0/2048 dps  cursor=1149,0  ray_az/el=+4.4/+10.9deg hit_mm=+79.4,+95.6
TRACK MOVING  rate=218 Hz  drift=  +0.00 deg/min  peak=   51.0/2048 dps  cursor=1106,4  ray_az/el=+3.3/+11.8deg hit_mm=+69.3,+103.8
# !!! RECENTERED !!! recenters=49
# !!! RECENTERED !!! recenters=50
# !!! RECENTERED !!! recenters=51
TRACK MOVING  rate=218 Hz  drift=  +0.00 deg/min  peak=   51.0/2048 dps  cursor=958,9  ray_az/el=-0.4/+10.6deg hit_mm=+37.9,+92.3
TRACK MOVING  rate=218 Hz  drift=  +0.00 deg/min  peak=   50.4/2048 dps  cursor=458,511  ray_az/el=-12.0/-1.0deg hit_mm=-64.3,-9.1
TRACK MOVING  rate=218 Hz  drift=  +0.00 deg/min  peak=   59.0/2048 dps  cursor=824,435  ray_az/el=-2.7/+2.1deg hit_mm=+17.8,+18.5
TRACK MOVING  rate=218 Hz  drift=  +0.00 deg/min  peak=   67.6/2048 dps  cursor=788,151  ray_az/el=-4.9/+6.1deg hit_mm=-1.7,+53.3
TRACK MOVING  rate=218 Hz  drift=  +0.00 deg/min  peak=   85.4/2048 dps  cursor=655,478  ray_az/el=-5.6/+2.0deg hit_mm=-7.3,+17.2
TRACK MOVING  rate=218 Hz  drift=  +0.00 deg/min  peak=   92.2/2048 dps  cursor=513,435  ray_az/el=-10.8/+0.5deg hit_mm=-53.6,+4.8
TRACK MOVING  rate=218 Hz  drift=  +0.00 deg/min  peak=  195.9/2048 dps  cursor=1510,0  ray_az/el=+17.4/+29.4deg hit_mm=+196.4,+292.3
TRACK MOVING  rate=218 Hz  drift=  +0.00 deg/min  peak=  218.0/2048 dps  cursor=1510,0  ray_az/el=+13.7/+48.9deg hit_mm=+162.2,+584.6
TRACK MOVING  rate=219 Hz  drift=  +0.00 deg/min  peak=  568.1/2048 dps  cursor=1510,0  ray_az/el=+37.1/+86.6deg hit_mm=+415.6,+10487.8
TRACK MOVING  rate=219 Hz  drift=  +0.00 deg/min  peak=  568.1/2048 dps  cursor=no intersection  ray_az/el=+118.9/+70.0deg hit_mm=none
TRACK MOVING  rate=219 Hz  drift=  +0.00 deg/min  peak=  568.1/2048 dps  cursor=1511,0  ray_az/el=+64.3/+50.7deg hit_mm=+1070.1,+1395.4
TRACK MOVING  rate=219 Hz  drift=  +0.00 deg/min  peak=  568.1/2048 dps  cursor=1511,0  ray_az/el=+72.1/+16.8deg hit_mm=+1573.9,+485.1
TRACK MOVING  rate=219 Hz  drift=  +0.00 deg/min  peak= 1343.4/2048 dps  cursor=1511,0  ray_az/el=+33.4/+40.7deg hit_mm=+367.8,+510.2
TRACK MOVING  rate=219 Hz  drift=  +0.00 deg/min  peak= 1343.4/2048 dps  cursor=no intersection  ray_az/el=+168.5/+30.0deg hit_mm=none
TRACK MOVING  rate=219 Hz  drift=  +0.00 deg/min  peak= 1343.4/2048 dps  cursor=no intersection  ray_az/el=-156.8/-19.8deg hit_mm=none
TRACK MOVING  rate=219 Hz  drift=  +0.00 deg/min  peak= 1343.4/2048 dps  cursor=no intersection  ray_az/el=-157.4/-20.2deg hit_mm=none
TRACK MOVING  rate=219 Hz  drift=  +0.00 deg/min  peak=  450.9/2048 dps  cursor=no intersection  ray_az/el=-157.2/-20.3deg hit_mm=none
