DISPLAY origin=(0,0) px=1512x982 physical_mm=301.2x195.6
place device flat on desk, press EnterOpening /dev/cu.usbmodem101 at 921600 baud
GYRO BIAS dps=[9.05358, 1.46406, 0.22259] std_dps=[3.11568, 0.70528, 0.50946]
WARNING gyro std > 1 dps: device was moving during desk bias
CALIBRATION position_mm=[96.4, 75.3, -443.8] quaternion_wxyz=[0.71434, -0.11941, -0.05336, -0.68747]
Opening /dev/cu.usbmodem101 at 921600 baud
TRACK MOVING  rate=111 Hz  drift=  +0.00 deg/min  peak=   16.3/2048 dps  cursor=no intersection  ray_az/el=-110.4/-67.5deg hit_mm=none
TRACK MOVING  rate=219 Hz  drift=  +0.00 deg/min  peak=   16.3/2048 dps  cursor=no intersection  ray_az/el=-112.2/-68.1deg hit_mm=none
TRACK MOVING  rate=219 Hz  drift=  +0.00 deg/min  peak=   16.3/2048 dps  cursor=no intersection  ray_az/el=-113.7/-68.6deg hit_mm=none
TRACK MOVING  rate=219 Hz  drift=  +0.00 deg/min  peak=   16.3/2048 dps  cursor=no intersection  ray_az/el=-115.2/-68.9deg hit_mm=none
TRACK MOVING  rate=219 Hz  drift=  +0.00 deg/min  peak=   15.8/2048 dps  cursor=no intersection  ray_az/el=-116.8/-69.6deg hit_mm=none
TRACK MOVING  rate=219 Hz  drift=  +0.00 deg/min  peak=   15.8/2048 dps  cursor=no intersection  ray_az/el=-118.8/-70.1deg hit_mm=none
TRACK MOVING  rate=219 Hz  drift=  +0.00 deg/min  peak=   16.9/2048 dps  cursor=no intersection  ray_az/el=-121.2/-70.7deg hit_mm=none
TRACK MOVING  rate=219 Hz  drift=  +0.00 deg/min  peak=   16.9/2048 dps  cursor=no intersection  ray_az/el=-123.1/-71.2deg hit_mm=none
TRACK MOVING  rate=219 Hz  drift=  +0.00 deg/min  peak=   18.1/2048 dps  cursor=no intersection  ray_az/el=-124.7/-71.6deg hit_mm=none
TRACK MOVING  rate=219 Hz  drift=  +0.00 deg/min  peak=   18.1/2048 dps  cursor=no intersection  ray_az/el=-126.8/-72.0deg hit_mm=none
TRACK MOVING  rate=219 Hz  drift=  +0.00 deg/min  peak=   18.1/2048 dps  cursor=no intersection  ray_az/el=-129.4/-72.0deg hit_mm=none
TRACK MOVING  rate=219 Hz  drift=  +0.00 deg/min  peak=   18.1/2048 dps  cursor=no intersection  ray_az/el=-131.2/-72.0deg hit_mm=none
TRACK MOVING  rate=219 Hz  drift=  +0.00 deg/min  peak=   14.6/2048 dps  cursor=no intersection  ray_az/el=-133.8/-72.0deg hit_mm=none
TRACK MOVING  rate=219 Hz  drift=  +0.00 deg/min  peak=   14.6/2048 dps  cursor=no intersection  ray_az/el=-135.4/-72.4deg hit_mm=none
TRACK MOVING  rate=219 Hz  drift=  +0.00 deg/min  peak=   34.6/2048 dps  cursor=no intersection  ray_az/el=-134.1/-74.7deg hit_mm=none
TRACK MOVING  rate=219 Hz  drift=  +0.00 deg/min  peak=   56.5/2048 dps  cursor=no intersection  ray_az/el=-129.8/-80.0deg hit_mm=none
TRACK MOVING  rate=219 Hz  drift=  +0.00 deg/min  peak=  150.4/2048 dps  cursor=357,981  ray_az/el=-15.2/-87.2deg hit_mm=-24.4,-9314.5
TRACK MOVING  rate=219 Hz  drift=  +0.00 deg/min  peak=  427.9/2048 dps  cursor=1,981  ray_az/el=-34.2/-35.4deg hit_mm=-205.2,-381.0
TRACK MOVING  rate=219 Hz  drift=  +0.00 deg/min  peak=  845.4/2048 dps  cursor=no intersection  ray_az/el=-167.9/+15.2deg hit_mm=none
TRACK MOVING  rate=219 Hz  drift=  +0.00 deg/min  peak=  884.3/2048 dps  cursor=no intersection  ray_az/el=+159.6/+11.0deg hit_mm=none
TRACK MOVING  rate=219 Hz  drift=  +0.00 deg/min  peak=  884.3/2048 dps  cursor=no intersection  ray_az/el=+161.5/-12.7deg hit_mm=none
TRACK MOVING  rate=219 Hz  drift=  +0.00 deg/min  peak=  884.3/2048 dps  cursor=no intersection  ray_az/el=+137.9/-10.7deg hit_mm=none
TRACK MOVING  rate=219 Hz  drift=  +0.00 deg/min  peak=  768.6/2048 dps  cursor=no intersection  ray_az/el=+144.0/+5.7deg hit_mm=none
TRACK MOVING  rate=219 Hz  drift=  +0.00 deg/min  peak=  356.3/2048 dps  cursor=no intersection  ray_az/el=+157.5/+14.1deg hit_mm=none
TRACK MOVING  rate=219 Hz  drift=  +0.00 deg/min  peak=  167.5/2048 dps  cursor=no intersection  ray_az/el=+158.0/+6.4deg hit_mm=none
TRACK MOVING  rate=219 Hz  drift=  +0.00 deg/min  peak=   57.2/2048 dps  cursor=no intersection  ray_az/el=+140.6/+4.9deg hit_mm=none
TRACK MOVING  rate=219 Hz  drift=  +0.00 deg/min  peak=  335.9/2048 dps  cursor=no intersection  ray_az/el=+153.8/+1.5deg hit_mm=none
TRACK MOVING  rate=219 Hz  drift=  +0.00 deg/min  peak=  335.9/2048 dps  cursor=no intersection  ray_az/el=-132.9/+23.1deg hit_mm=none
TRACK MOVING  rate=219 Hz  drift=  +0.00 deg/min  peak=  371.6/2048 dps  cursor=no intersection  ray_az/el=+119.8/-23.5deg hit_mm=none
TRACK MOVING  rate=219 Hz  drift=  +0.00 deg/min  peak=  371.6/2048 dps  cursor=no intersection  ray_az/el=+97.6/-13.3deg hit_mm=none
TRACK MOVING  rate=219 Hz  drift=  +0.00 deg/min  peak=  371.6/2048 dps  cursor=no intersection  ray_az/el=+115.7/-7.8deg hit_mm=none
TRACK MOVING  rate=219 Hz  drift=  +0.00 deg/min  peak=  371.6/2048 dps  cursor=no intersection  ray_az/el=+135.3/-4.0deg hit_mm=none
TRACK MOVING  rate=219 Hz  drift=  +0.00 deg/min  peak=  318.9/2048 dps  cursor=no intersection  ray_az/el=+131.0/+6.0deg hit_mm=none
TRACK MOVING  rate=219 Hz  drift=  +0.00 deg/min  peak=  318.9/2048 dps  cursor=no intersection  ray_az/el=+134.9/+14.4deg hit_mm=none
TRACK MOVING  rate=219 Hz  drift=  +0.00 deg/min  peak=  318.9/2048 dps  cursor=no intersection  ray_az/el=+130.3/+13.0deg hit_mm=none
TRACK MOVING  rate=219 Hz  drift=  +0.00 deg/min  peak=  254.9/2048 dps  cursor=no intersection  ray_az/el=+132.2/+8.6deg hit_mm=none
TRACK MOVING  rate=219 Hz  drift=  +0.00 deg/min  peak=  226.5/2048 dps  cursor=no intersection  ray_az/el=+111.0/+12.8deg hit_mm=none
TRACK MOVING  rate=219 Hz  drift=  +0.00 deg/min  peak=   98.6/2048 dps  cursor=no intersection  ray_az/el=+120.3/+31.4deg hit_mm=none
TRACK MOVING  rate=219 Hz  drift=  +0.00 deg/min  peak=   98.6/2048 dps  cursor=no intersection  ray_az/el=+152.3/+32.8deg hit_mm=none
TRACK MOVING  rate=219 Hz  drift=  +0.00 deg/min  peak=   98.6/2048 dps  cursor=no intersection  ray_az/el=+145.5/+29.7deg hit_mm=none
TRACK MOVING  rate=219 Hz  drift=  +0.00 deg/min  peak=   90.1/2048 dps  cursor=no intersection  ray_az/el=+142.7/+30.5deg hit_mm=none
TRACK MOVING  rate=219 Hz  drift=  +0.00 deg/min  peak=   90.1/2048 dps  cursor=no intersection  ray_az/el=+140.3/+32.7deg hit_mm=none
TRACK MOVING  rate=219 Hz  drift=  +0.00 deg/min  peak=   49.8/2048 dps  cursor=no intersection  ray_az/el=+140.4/+34.1deg hit_mm=none
TRACK MOVING  rate=219 Hz  drift=  +0.00 deg/min  peak=   35.7/2048 dps  cursor=no intersection  ray_az/el=+139.0/+34.4deg hit_mm=none
TRACK MOVING  rate=219 Hz  drift=  +0.00 deg/min  peak=   16.2/2048 dps  cursor=no intersection  ray_az/el=+139.4/+34.7deg hit_mm=none
# !!! RECENTERED !!! recenters=1
TRACK MOVING  rate=219 Hz  drift=  +0.00 deg/min  peak=   16.2/2048 dps  cursor=1246,0  ray_az/el=-0.3/+38.1deg hit_mm=+93.9,+347.7
TRACK MOVING  rate=219 Hz  drift=  +0.00 deg/min  peak=   20.2/2048 dps  cursor=1175,0  ray_az/el=-2.5/+40.2deg hit_mm=+77.3,+376.0
TRACK MOVING  rate=219 Hz  drift=  +0.00 deg/min  peak=   50.8/2048 dps  cursor=1281,0  ray_az/el=+1.7/+37.7deg hit_mm=+109.8,+342.8
TRACK MOVING  rate=219 Hz  drift=  +0.00 deg/min  peak=   63.4/2048 dps  cursor=1435,0  ray_az/el=+5.3/+25.4deg hit_mm=+137.2,+212.0
TRACK MOVING  rate=219 Hz  drift=  +0.00 deg/min  peak=   63.4/2048 dps  cursor=1511,0  ray_az/el=+11.6/+25.0deg hit_mm=+187.5,+211.4
TRACK MOVING  rate=219 Hz  drift=  +0.00 deg/min  peak=   70.9/2048 dps  cursor=772,0  ray_az/el=-11.7/+18.9deg hit_mm=+4.2,+155.0
TRACK MOVING  rate=219 Hz  drift=  +0.00 deg/min  peak=   70.9/2048 dps  cursor=766,0  ray_az/el=-11.2/+19.2deg hit_mm=+8.5,+157.6
TRACK MOVING  rate=219 Hz  drift=  +0.00 deg/min  peak=   70.9/2048 dps  cursor=951,0  ray_az/el=-7.6/+20.6deg hit_mm=+37.2,+168.4
TRACK MOVING  rate=219 Hz  drift=  +0.00 deg/min  peak=   70.9/2048 dps  cursor=646,0  ray_az/el=-15.2/+16.3deg hit_mm=-23.8,+134.0
TRACK MOVING  rate=219 Hz  drift=  +0.00 deg/min  peak=   27.2/2048 dps  cursor=483,0  ray_az/el=-18.6/+14.5deg hit_mm=-52.8,+121.5
TRACK MOVING  rate=219 Hz  drift=  +0.00 deg/min  peak=   27.2/2048 dps  cursor=742,0  ray_az/el=-12.3/+18.2deg hit_mm=-0.4,+149.2
TRACK MOVING  rate=219 Hz  drift=  +0.00 deg/min  peak=   27.8/2048 dps  cursor=792,0  ray_az/el=-12.3/+20.5deg hit_mm=-0.8,+169.6
TRACK MOVING  rate=219 Hz  drift=  +0.00 deg/min  peak=   56.4/2048 dps  cursor=749,0  ray_az/el=-11.7/+19.9deg hit_mm=+4.5,+163.8
TRACK MOVING  rate=219 Hz  drift=  +0.00 deg/min  peak=   56.4/2048 dps  cursor=1031,0  ray_az/el=-5.4/+21.2deg hit_mm=+54.7,+172.7
TRACK MOVING  rate=219 Hz  drift=  +0.00 deg/min  peak=   56.4/2048 dps  cursor=1184,0  ray_az/el=-1.3/+20.9deg hit_mm=+86.3,+169.7
TRACK MOVING  rate=219 Hz  drift=  +0.00 deg/min  peak=   56.4/2048 dps  cursor=1183,0  ray_az/el=-1.8/+18.9deg hit_mm=+82.7,+152.2
TRACK MOVING  rate=219 Hz  drift=  +0.00 deg/min  peak=   33.8/2048 dps  cursor=1132,0  ray_az/el=-3.0/+17.1deg hit_mm=+73.3,+136.7
TRACK MOVING  rate=219 Hz  drift=  +0.00 deg/min  peak=   33.8/2048 dps  cursor=1091,0  ray_az/el=-4.0/+18.1deg hit_mm=+65.0,+145.6
TRACK MOVING  rate=219 Hz  drift=  +0.00 deg/min  peak=   33.2/2048 dps  cursor=1047,0  ray_az/el=-5.3/+16.0deg hit_mm=+55.1,+127.5
TRACK MOVING  rate=219 Hz  drift=  +0.00 deg/min  peak=   61.4/2048 dps  cursor=1100,0  ray_az/el=-3.9/+14.3deg hit_mm=+66.4,+113.4
TRACK MOVING  rate=219 Hz  drift=  +0.00 deg/min  peak=   61.4/2048 dps  cursor=1115,0  ray_az/el=-3.2/+13.8deg hit_mm=+71.9,+108.9
TRACK MOVING  rate=219 Hz  drift=  +0.00 deg/min  peak=   61.4/2048 dps  cursor=1237,0  ray_az/el=+0.2/+13.3deg hit_mm=+98.3,+105.3
TRACK MOVING  rate=219 Hz  drift=  +0.00 deg/min  peak=   61.4/2048 dps  cursor=1245,2  ray_az/el=+0.3/+12.2deg hit_mm=+99.1,+95.7
TRACK MOVING  rate=219 Hz  drift=  +0.00 deg/min  peak=   24.6/2048 dps  cursor=1236,16  ray_az/el=-0.2/+12.3deg hit_mm=+94.5,+96.5
TRACK MOVING  rate=219 Hz  drift=  +0.00 deg/min  peak=   36.2/2048 dps  cursor=781,1  ray_az/el=-12.0/+13.1deg hit_mm=+1.9,+105.3
TRACK MOVING  rate=219 Hz  drift=  +0.00 deg/min  peak=   36.2/2048 dps  cursor=547,1  ray_az/el=-17.6/+11.8deg hit_mm=-44.1,+97.1
TRACK MOVING  rate=219 Hz  drift=  +0.00 deg/min  peak=   36.2/2048 dps  cursor=454,2  ray_az/el=-18.7/+12.7deg hit_mm=-53.5,+105.4
TRACK MOVING  rate=219 Hz  drift=  +0.00 deg/min  peak=   36.2/2048 dps  cursor=525,1  ray_az/el=-17.7/+16.1deg hit_mm=-45.1,+134.4
TRACK MOVING  rate=219 Hz  drift=  +0.00 deg/min  peak=   33.4/2048 dps  cursor=565,1  ray_az/el=-17.1/+19.1deg hit_mm=-40.4,+161.0
TRACK MOVING  rate=219 Hz  drift=  +0.00 deg/min  peak=   45.2/2048 dps  cursor=507,1  ray_az/el=-18.2/+23.5deg hit_mm=-49.4,+202.7
TRACK MOVING  rate=219 Hz  drift=  +0.00 deg/min  peak=   54.5/2048 dps  cursor=482,1  ray_az/el=-17.9/+22.3deg hit_mm=-46.6,+191.5
TRACK MOVING  rate=219 Hz  drift=  +0.00 deg/min  peak=   54.9/2048 dps  cursor=700,1  ray_az/el=-13.5/+26.1deg hit_mm=-10.0,+224.1
TRACK MOVING  rate=219 Hz  drift=  +0.00 deg/min  peak=   65.9/2048 dps  cursor=227,1  ray_az/el=-24.7/+27.3deg hit_mm=-108.0,+252.6
TRACK MOVING  rate=219 Hz  drift=  +0.00 deg/min  peak=   65.9/2048 dps  cursor=174,1  ray_az/el=-26.2/+28.4deg hit_mm=-122.3,+267.1
TRACK MOVING  rate=219 Hz  drift=  +0.00 deg/min  peak=   65.9/2048 dps  cursor=57,1  ray_az/el=-28.4/+31.0deg hit_mm=-143.3,+302.5
TRACK MOVING  rate=219 Hz  drift=  +0.00 deg/min  peak=   66.5/2048 dps  cursor=38,1  ray_az/el=-27.2/+31.4deg hit_mm=-131.8,+304.1
TRACK MOVING  rate=219 Hz  drift=  +0.00 deg/min  peak=   66.5/2048 dps  cursor=633,1  ray_az/el=-14.9/+30.4deg hit_mm=-21.4,+269.1
TRACK MOVING  rate=219 Hz  drift=  +0.00 deg/min  peak=   66.5/2048 dps  cursor=1142,1  ray_az/el=-2.1/+25.4deg hit_mm=+79.8,+210.5
TRACK MOVING  rate=219 Hz  drift=  +0.00 deg/min  peak=   66.5/2048 dps  cursor=1066,1  ray_az/el=-4.9/+23.0deg hit_mm=+58.5,+189.4
TRACK MOVING  rate=219 Hz  drift=  +0.00 deg/min  peak=   46.6/2048 dps  cursor=1058,1  ray_az/el=-4.1/+21.2deg hit_mm=+64.6,+172.6
TRACK MOVING  rate=219 Hz  drift=  +0.00 deg/min  peak=   58.4/2048 dps  cursor=1362,1  ray_az/el=+4.2/+19.3deg hit_mm=+128.9,+155.4
TRACK MOVING  rate=219 Hz  drift=  +0.00 deg/min  peak=   90.3/2048 dps  cursor=1511,1  ray_az/el=+13.6/+16.3deg hit_mm=+203.6,+133.4
TRACK MOVING  rate=219 Hz  drift=  +0.00 deg/min  peak=  109.9/2048 dps  cursor=1511,184  ray_az/el=+24.8/+6.4deg hit_mm=+301.1,+55.0
TRACK MOVING  rate=219 Hz  drift=  +0.00 deg/min  peak=  127.5/2048 dps  cursor=1511,301  ray_az/el=+32.8/+5.1deg hit_mm=+381.9,+46.7
TRACK MOVING  rate=219 Hz  drift=  +0.00 deg/min  peak=  127.5/2048 dps  cursor=1511,63  ray_az/el=+32.8/+9.2deg hit_mm=+381.8,+85.5
TRACK MOVING  rate=219 Hz  drift=  +0.00 deg/min  peak=  127.5/2048 dps  cursor=1511,415  ray_az/el=+35.1/+1.2deg hit_mm=+408.1,+10.9
TRACK MOVING  rate=219 Hz  drift=  +0.00 deg/min  peak=  303.0/2048 dps  cursor=1511,2  ray_az/el=+19.7/+15.4deg hit_mm=+254.9,+129.7
TRACK MOVING  rate=219 Hz  drift=  +0.00 deg/min  peak=  328.1/2048 dps  cursor=540,1  ray_az/el=-18.1/+16.0deg hit_mm=-48.8,+133.7
TRACK MOVING  rate=219 Hz  drift=  +0.00 deg/min  peak=  328.1/2048 dps  cursor=470,1  ray_az/el=-18.4/+16.9deg hit_mm=-51.2,+142.2
TRACK MOVING  rate=219 Hz  drift=  +0.00 deg/min  peak=  328.1/2048 dps  cursor=648,1  ray_az/el=-14.5/+17.7deg hit_mm=-18.7,+146.4
TRACK MOVING  rate=219 Hz  drift=  +0.00 deg/min  peak=  328.1/2048 dps  cursor=987,1  ray_az/el=-5.4/+24.4deg hit_mm=+54.6,+202.3
TRACK MOVING  rate=219 Hz  drift=  +0.00 deg/min  peak=  171.1/2048 dps  cursor=1185,1  ray_az/el=-0.9/+36.4deg hit_mm=+89.6,+327.7
TRACK MOVING  rate=219 Hz  drift=  +0.00 deg/min  peak=  332.8/2048 dps  cursor=1511,812  ray_az/el=+54.2/-5.6deg hit_mm=+710.9,-74.2
TRACK MOVING  rate=219 Hz  drift=  +0.00 deg/min  peak=  373.7/2048 dps  cursor=834,69  ray_az/el=-12.7/+8.3deg hit_mm=-3.4,+66.2
TRACK MOVING  rate=219 Hz  drift=  +0.00 deg/min  peak=  373.7/2048 dps  cursor=1,378  ray_az/el=-43.5/+2.3deg hit_mm=-324.6,+24.7
TRACK MOVING  rate=219 Hz  drift=  +0.00 deg/min  peak=  373.7/2048 dps  cursor=1,271  ray_az/el=-37.7/+4.9deg hit_mm=-246.9,+47.9
TRACK MOVING  rate=219 Hz  drift=  +0.00 deg/min  peak=  373.7/2048 dps  cursor=1,200  ray_az/el=-37.8/+6.2deg hit_mm=-247.6,+60.9
TRACK MOVING  rate=219 Hz  drift=  +0.00 deg/min  peak=  338.2/2048 dps  cursor=1,243  ray_az/el=-42.2/+4.8deg hit_mm=-306.3,+50.2
TRACK MOVING  rate=219 Hz  drift=  +0.00 deg/min  peak=   49.9/2048 dps  cursor=1,139  ray_az/el=-38.1/+6.6deg hit_mm=-251.5,+64.8
TRACK MOVING  rate=219 Hz  drift=  +0.00 deg/min  peak=   65.3/2048 dps  cursor=1,69  ray_az/el=-32.5/+8.7deg hit_mm=-185.9,+80.6
TRACK MOVING  rate=219 Hz  drift=  +0.00 deg/min  peak=   65.3/2048 dps  cursor=1,1  ray_az/el=-34.5/+13.6deg hit_mm=-208.4,+129.9
TRACK MOVING  rate=219 Hz  drift=  +0.00 deg/min  peak=   65.3/2048 dps  cursor=67,1  ray_az/el=-26.9/+16.1deg hit_mm=-128.7,+143.1
TRACK MOVING  rate=219 Hz  drift=  +0.00 deg/min  peak=   92.4/2048 dps  cursor=247,1  ray_az/el=-25.0/+16.6deg hit_mm=-110.8,+145.7
TRACK MOVING  rate=219 Hz  drift=  +0.00 deg/min  peak=   92.4/2048 dps  cursor=3,1  ray_az/el=-29.4/+13.0deg hit_mm=-154.0,+117.2
TRACK MOVING  rate=219 Hz  drift=  +0.00 deg/min  peak=  170.1/2048 dps  cursor=2,1  ray_az/el=-32.4/+24.1deg hit_mm=-184.7,+235.1
TRACK MOVING  rate=219 Hz  drift=  +0.00 deg/min  peak=  170.1/2048 dps  cursor=1,1  ray_az/el=-36.5/+26.9deg hit_mm=-232.6,+280.5
TRACK MOVING  rate=219 Hz  drift=  +0.00 deg/min  peak=  170.1/2048 dps  cursor=1,1  ray_az/el=-46.5/+63.2deg hit_mm=-370.9,+1277.0
TRACK MOVING  rate=219 Hz  drift=  +0.00 deg/min  peak=  191.0/2048 dps  cursor=no intersection  ray_az/el=-101.3/+83.6deg hit_mm=none
TRACK MOVING  rate=219 Hz  drift=  +0.00 deg/min  peak= 1671.9/2048 dps  cursor=no intersection  ray_az/el=-123.0/-15.3deg hit_mm=none
TRACK MOVING  rate=219 Hz  drift=  +0.00 deg/min  peak= 1671.9/2048 dps  cursor=no intersection  ray_az/el=-140.3/+21.0deg hit_mm=none
TRACK MOVING  rate=219 Hz  drift=  +0.00 deg/min  peak= 1671.9/2048 dps  cursor=no intersection  ray_az/el=+169.7/+49.8deg hit_mm=none
TRACK MOVING  rate=219 Hz  drift=  +0.00 deg/min  peak= 1671.9/2048 dps  cursor=no intersection  ray_az/el=+101.3/+13.2deg hit_mm=none
TRACK MOVING  rate=219 Hz  drift=  +0.00 deg/min  peak=  789.0/2048 dps  cursor=1511,939  ray_az/el=+64.6/-6.1deg hit_mm=+1032.3,-111.4
TRACK MOVING  rate=219 Hz  drift=  +0.00 deg/min  peak=  789.0/2048 dps  cursor=1511,0  ray_az/el=+30.5/+76.4deg hit_mm=+358.1,+2135.4
TRACK MOVING  rate=219 Hz  drift=  +0.00 deg/min  peak=  490.8/2048 dps  cursor=1511,836  ray_az/el=+69.3/-3.4deg hit_mm=+1269.3,-74.4
TRACK MOVING  rate=219 Hz  drift=  +0.00 deg/min  peak=  449.2/2048 dps  cursor=1049,1  ray_az/el=-7.1/+30.2deg hit_mm=+41.1,+259.8
TRACK MOVING  rate=219 Hz  drift=  +0.00 deg/min  peak=  449.2/2048 dps  cursor=1,1  ray_az/el=-44.2/+16.4deg hit_mm=-335.7,+181.8
TRACK MOVING  rate=219 Hz  drift=  +0.00 deg/min  peak=  312.2/2048 dps  cursor=1,1  ray_az/el=-82.5/+26.1deg hit_mm=-3280.1,+1666.4
TRACK MOVING  rate=219 Hz  drift=  +0.00 deg/min  peak=  398.5/2048 dps  cursor=913,243  ray_az/el=-7.2/+6.8deg hit_mm=+40.4,+52.9
TRACK MOVING  rate=219 Hz  drift=  +0.00 deg/min  peak=  398.5/2048 dps  cursor=712,29  ray_az/el=-14.8/+12.0deg hit_mm=-20.8,+97.8
TRACK MOVING  rate=219 Hz  drift=  +0.00 deg/min  peak=  398.5/2048 dps  cursor=587,6  ray_az/el=-15.3/+13.9deg hit_mm=-25.4,+114.0
TRACK MOVING  rate=219 Hz  drift=  +0.00 deg/min  peak=  398.5/2048 dps  cursor=724,1  ray_az/el=-14.6/+15.5deg hit_mm=-19.0,+127.3
TRACK MOVING  rate=219 Hz  drift=  +0.00 deg/min  peak=  138.3/2048 dps  cursor=1,18  ray_az/el=-30.9/+10.8deg hit_mm=-169.3,+98.8
TRACK MOVING  rate=219 Hz  drift=  +0.00 deg/min  peak=  132.4/2048 dps  cursor=1,49  ray_az/el=-33.3/+9.0deg hit_mm=-195.6,+84.2
TRACK MOVING  rate=219 Hz  drift=  +0.00 deg/min  peak=  196.6/2048 dps  cursor=1,14  ray_az/el=-44.6/+9.0deg hit_mm=-341.2,+98.6
TRACK MOVING  rate=219 Hz  drift=  +0.00 deg/min  peak=  196.6/2048 dps  cursor=1,14  ray_az/el=-51.3/+7.6deg hit_mm=-457.0,+94.9
TRACK MOVING  rate=219 Hz  drift=  +0.00 deg/min  peak=  196.6/2048 dps  cursor=1,1  ray_az/el=-62.7/+11.5deg hit_mm=-763.8,+196.4
TRACK MOVING  rate=219 Hz  drift=  +0.00 deg/min  peak=  239.9/2048 dps  cursor=1,38  ray_az/el=-45.2/+8.9deg hit_mm=-350.2,+98.9
TRACK MOVING  rate=219 Hz  drift=  +0.00 deg/min  peak=  239.9/2048 dps  cursor=361,1  ray_az/el=-20.4/+12.5deg hit_mm=-69.0,+105.4
TRACK MOVING  rate=219 Hz  drift=  +0.00 deg/min  peak=  239.9/2048 dps  cursor=379,3  ray_az/el=-23.5/+14.3deg hit_mm=-96.9,+123.1
TRACK MOVING  rate=219 Hz  drift=  +0.00 deg/min  peak=  254.9/2048 dps  cursor=1,1  ray_az/el=-42.1/+9.6deg hit_mm=-304.7,+100.7
TRACK MOVING  rate=219 Hz  drift=  +0.00 deg/min  peak=  286.7/2048 dps  cursor=1429,137  ray_az/el=+2.6/+7.7deg hit_mm=+116.7,+60.3
TRACK MOVING  rate=219 Hz  drift=  +0.00 deg/min  peak=  286.7/2048 dps  cursor=114,669  ray_az/el=-24.3/-3.4deg hit_mm=-103.7,-29.0
TRACK MOVING  rate=219 Hz  drift=  +0.00 deg/min  peak=  286.7/2048 dps  cursor=318,463  ray_az/el=-23.5/+1.2deg hit_mm=-96.7,+10.2
TRACK MOVING  rate=219 Hz  drift=  +0.00 deg/min  peak=  286.7/2048 dps  cursor=1,362  ray_az/el=-40.6/+2.5deg hit_mm=-283.9,+25.2
TRACK MOVING  rate=219 Hz  drift=  +0.00 deg/min  peak=  247.9/2048 dps  cursor=567,408  ray_az/el=-16.8/+2.2deg hit_mm=-37.2,+17.9
TRACK MOVING  rate=219 Hz  drift=  +0.00 deg/min  peak=  121.8/2048 dps  cursor=622,383  ray_az/el=-15.4/+2.9deg hit_mm=-26.1,+23.2
TRACK MOVING  rate=219 Hz  drift=  +0.00 deg/min  peak=  121.8/2048 dps  cursor=616,356  ray_az/el=-15.6/+3.5deg hit_mm=-27.6,+28.3
TRACK MOVING  rate=219 Hz  drift=  +0.00 deg/min  peak=  121.8/2048 dps  cursor=613,342  ray_az/el=-15.8/+3.8deg hit_mm=-29.5,+30.3
TRACK MOVING  rate=219 Hz  drift=  +0.00 deg/min  peak=   22.0/2048 dps  cursor=607,352  ray_az/el=-15.9/+3.5deg hit_mm=-29.9,+28.1
TRACK MOVING  rate=219 Hz  drift=  +0.00 deg/min  peak=   22.0/2048 dps  cursor=604,346  ray_az/el=-16.0/+3.7deg hit_mm=-30.5,+29.9
TRACK MOVING  rate=219 Hz  drift=  +0.00 deg/min  peak=   47.5/2048 dps  cursor=341,540  ray_az/el=-22.9/-1.8deg hit_mm=-90.8,-14.7
TRACK MOVING  rate=219 Hz  drift=  +0.00 deg/min  peak=   48.8/2048 dps  cursor=1,663  ray_az/el=-29.7/-3.2deg hit_mm=-156.5,-28.6
TRACK MOVING  rate=219 Hz  drift=  +0.00 deg/min  peak=   53.8/2048 dps  cursor=1,557  ray_az/el=-36.8/-1.8deg hit_mm=-235.5,-17.3
TRACK MOVING  rate=219 Hz  drift=  +0.00 deg/min  peak=   53.8/2048 dps  cursor=1,417  ray_az/el=-40.8/+1.6deg hit_mm=-287.1,+16.2
TRACK MOVING  rate=219 Hz  drift=  +0.00 deg/min  peak=   90.4/2048 dps  cursor=1,241  ray_az/el=-38.9/+5.0deg hit_mm=-261.3,+49.6
TRACK MOVING  rate=219 Hz  drift=  +0.00 deg/min  peak=  172.0/2048 dps  cursor=1043,269  ray_az/el=-5.6/+5.9deg hit_mm=+53.2,+46.4
TRACK MOVING  rate=219 Hz  drift=  +0.00 deg/min  peak=  172.0/2048 dps  cursor=1125,279  ray_az/el=-2.6/+5.3deg hit_mm=+76.5,+41.0
TRACK MOVING  rate=219 Hz  drift=  +0.00 deg/min  peak=  172.0/2048 dps  cursor=1234,338  ray_az/el=+0.4/+3.7deg hit_mm=+99.3,+29.0
TRACK MOVING  rate=219 Hz  drift=  +0.00 deg/min  peak=  172.0/2048 dps  cursor=1496,398  ray_az/el=+7.7/+3.1deg hit_mm=+156.0,+24.1
TRACK MOVING  rate=219 Hz  drift=  +0.00 deg/min  peak=   49.9/2048 dps  cursor=1510,1  ray_az/el=+10.1/+16.2deg hit_mm=+175.5,+130.6
TRACK MOVING  rate=219 Hz  drift=  +0.00 deg/min  peak=  138.1/2048 dps  cursor=566,1  ray_az/el=-17.3/+35.8deg hit_mm=-42.2,+334.9
TRACK MOVING  rate=219 Hz  drift=  +0.00 deg/min  peak=  138.1/2048 dps  cursor=345,1  ray_az/el=-22.0/+37.2deg hit_mm=-82.9,+362.7
TRACK MOVING  rate=219 Hz  drift=  +0.00 deg/min  peak=  138.1/2048 dps  cursor=1,1  ray_az/el=-35.6/+42.8deg hit_mm=-221.9,+505.1
TRACK MOVING  rate=219 Hz  drift=  +0.00 deg/min  peak=  138.1/2048 dps  cursor=1,1  ray_az/el=-46.3/+42.2deg hit_mm=-367.4,+581.4
TRACK MOVING  rate=219 Hz  drift=  +0.00 deg/min  peak= 1352.1/2048 dps  cursor=128,1  ray_az/el=-72.1/+75.5deg hit_mm=-1273.7,+5575.1
TRACK MOVING  rate=219 Hz  drift=  +0.00 deg/min  peak= 1352.1/2048 dps  cursor=no intersection  ray_az/el=+159.3/+42.8deg hit_mm=none
